Archive member included to satisfy reference by file (symbol)

d:/arm/imt_arm_course/02- tools/03- imt sdk/imt_sdk_win_64/winarm/armgcc/bin/../lib/gcc/arm-none-eabi/7.2.1/thumb/v7-m\libgcc.a(_arm_addsubdf3.o)
                              ./src/PID_program.o (__aeabi_dsub)
d:/arm/imt_arm_course/02- tools/03- imt sdk/imt_sdk_win_64/winarm/armgcc/bin/../lib/gcc/arm-none-eabi/7.2.1/thumb/v7-m\libgcc.a(_arm_muldivdf3.o)
                              ./src/PID_program.o (__aeabi_dmul)
d:/arm/imt_arm_course/02- tools/03- imt sdk/imt_sdk_win_64/winarm/armgcc/bin/../lib/gcc/arm-none-eabi/7.2.1/thumb/v7-m\libgcc.a(_arm_fixunsdfsi.o)
                              ./src/TIMER1_program.o (__aeabi_d2uiz)
d:/arm/imt_arm_course/02- tools/03- imt sdk/imt_sdk_win_64/winarm/armgcc/bin/../lib/gcc/arm-none-eabi/7.2.1/thumb/v7-m\libgcc.a(_arm_truncdfsf2.o)
                              ./src/PID_program.o (__aeabi_d2f)
d:/arm/imt_arm_course/02- tools/03- imt sdk/imt_sdk_win_64/winarm/armgcc/bin/../lib/gcc/arm-none-eabi/7.2.1/thumb/v7-m\libgcc.a(_arm_addsubsf3.o)
                              ./src/LCD_program.o (__aeabi_fsub)
d:/arm/imt_arm_course/02- tools/03- imt sdk/imt_sdk_win_64/winarm/armgcc/bin/../lib/gcc/arm-none-eabi/7.2.1/thumb/v7-m\libgcc.a(_arm_muldivsf3.o)
                              ./src/LCD_program.o (__aeabi_fmul)
d:/arm/imt_arm_course/02- tools/03- imt sdk/imt_sdk_win_64/winarm/armgcc/bin/../lib/gcc/arm-none-eabi/7.2.1/thumb/v7-m\libgcc.a(_arm_cmpsf2.o)
                              ./src/LCD_program.o (__aeabi_fcmplt)
d:/arm/imt_arm_course/02- tools/03- imt sdk/imt_sdk_win_64/winarm/armgcc/bin/../lib/gcc/arm-none-eabi/7.2.1/thumb/v7-m\libgcc.a(_arm_fixsfsi.o)
                              ./src/LCD_program.o (__aeabi_f2iz)
d:/arm/imt_arm_course/02- tools/03- imt sdk/imt_sdk_win_64/winarm/armgcc/bin/../lib/gcc/arm-none-eabi/7.2.1/thumb/v7-m\libgcc.a(_arm_fixunssfsi.o)
                              ./src/LCD_program.o (__aeabi_f2uiz)
d:/arm/imt_arm_course/02- tools/03- imt sdk/imt_sdk_win_64/winarm/armgcc/bin/../lib/gcc/arm-none-eabi/7.2.1/../../../../arm-none-eabi/lib/thumb/v7-m\libg_nano.a(lib_a-errno.o)
                              ./system/src/newlib/_sbrk.o (__errno)
d:/arm/imt_arm_course/02- tools/03- imt sdk/imt_sdk_win_64/winarm/armgcc/bin/../lib/gcc/arm-none-eabi/7.2.1/../../../../arm-none-eabi/lib/thumb/v7-m\libg_nano.a(lib_a-impure.o)
                              d:/arm/imt_arm_course/02- tools/03- imt sdk/imt_sdk_win_64/winarm/armgcc/bin/../lib/gcc/arm-none-eabi/7.2.1/../../../../arm-none-eabi/lib/thumb/v7-m\libg_nano.a(lib_a-errno.o) (_impure_ptr)

Allocating common symbols
Common symbol       size              file

errno               0x4               ./system/src/newlib/_syscalls.o
PID                 0x30              ./src/main.o
CallBack4           0x4               ./src/TIMER1_program.o
CallBack3           0x4               ./src/TIMER1_program.o
MSTK_CallBack       0x4               ./src/STK_program.o
CallBack5           0x4               ./src/TIMER2_program.o
CallBack            0x4               ./src/ADC_program.o
CallBack2           0x4               ./src/TIMER1_program.o
MSTK_State          0x1               ./src/STK_program.o
CallBack6           0x4               ./src/TIMER1_program.o

Discarded input sections

 .group         0x00000000        0xc ./system/src/stm32f1-stdperiph/misc.o
 .group         0x00000000        0xc ./system/src/stm32f1-stdperiph/misc.o
 .group         0x00000000        0xc ./system/src/stm32f1-stdperiph/misc.o
 .group         0x00000000        0xc ./system/src/stm32f1-stdperiph/misc.o
 .group         0x00000000        0xc ./system/src/stm32f1-stdperiph/misc.o
 .group         0x00000000        0xc ./system/src/stm32f1-stdperiph/misc.o
 .group         0x00000000        0xc ./system/src/stm32f1-stdperiph/misc.o
 .group         0x00000000        0xc ./system/src/stm32f1-stdperiph/misc.o
 .group         0x00000000        0xc ./system/src/stm32f1-stdperiph/misc.o
 .group         0x00000000        0xc ./system/src/stm32f1-stdperiph/misc.o
 .group         0x00000000        0xc ./system/src/stm32f1-stdperiph/misc.o
 .group         0x00000000        0xc ./system/src/stm32f1-stdperiph/misc.o
 .group         0x00000000        0xc ./system/src/stm32f1-stdperiph/misc.o
 .group         0x00000000        0xc ./system/src/stm32f1-stdperiph/misc.o
 .group         0x00000000        0xc ./system/src/stm32f1-stdperiph/misc.o
 .group         0x00000000        0xc ./system/src/stm32f1-stdperiph/misc.o
 .group         0x00000000        0xc ./system/src/stm32f1-stdperiph/misc.o
 .group         0x00000000        0xc ./system/src/stm32f1-stdperiph/misc.o
 .group         0x00000000        0xc ./system/src/stm32f1-stdperiph/misc.o
 .group         0x00000000        0xc ./system/src/stm32f1-stdperiph/misc.o
 .group         0x00000000        0xc ./system/src/stm32f1-stdperiph/misc.o
 .group         0x00000000        0xc ./system/src/stm32f1-stdperiph/misc.o
[...]
Memory Configuration

Name             Origin             Length             Attributes
RAM              0x20000000         0x00005000         xrw
CCMRAM           0x00000000         0x00000000         xrw
FLASH            0x08000000         0x00010000         xr
FLASHB1          0x00000000         0x00000000         xr
EXTMEMB0         0x00000000         0x00000000         xr
EXTMEMB1         0x00000000         0x00000000         xr
EXTMEMB2         0x00000000         0x00000000         xr
EXTMEMB3         0x00000000         0x00000000         xr
MEMORY_ARRAY     0x00000000         0x00000000         xrw
*default*        0x00000000         0xffffffff

Linker script and memory map

LOAD ./system/src/stm32f1-stdperiph/misc.o
LOAD ./system/src/stm32f1-stdperiph/stm32f10x_gpio.o
LOAD ./system/src/stm32f1-stdperiph/stm32f10x_rcc.o
LOAD ./system/src/newlib/_cxx.o
LOAD ./system/src/newlib/_exit.o
LOAD ./system/src/newlib/_sbrk.o
LOAD ./system/src/newlib/_startup.o
LOAD ./system/src/newlib/_syscalls.o
LOAD ./system/src/newlib/assert.o
LOAD ./system/src/diag/Trace.o
LOAD ./system/src/diag/trace_impl.o
LOAD ./system/src/cortexm/_initialize_hardware.o
LOAD ./system/src/cortexm/_reset_hardware.o
LOAD ./system/src/cortexm/exception_handlers.o
LOAD ./system/src/cmsis/system_stm32f10x.o
LOAD ./system/src/cmsis/vectors_stm32f10x.o
LOAD ./src/ADC_program.o
LOAD ./src/DIO_program.o
LOAD ./src/LCD_program.o
LOAD ./src/NVIC_program.o
LOAD ./src/PID_program.o
LOAD ./src/RCC_program.o
LOAD ./src/STK_program.o
LOAD ./src/TIMER1_program.o
LOAD ./src/TIMER2_program.o
LOAD ./src/main.o
LOAD d:/arm/imt_arm_course/02- tools/03- imt sdk/imt_sdk_win_64/winarm/armgcc/bin/../lib/gcc/arm-none-eabi/7.2.1/../../../../arm-none-eabi/lib/thumb/v7-m\libstdc++_nano.a
LOAD d:/arm/imt_arm_course/02- tools/03- imt sdk/imt_sdk_win_64/winarm/armgcc/bin/../lib/gcc/arm-none-eabi/7.2.1/../../../../arm-none-eabi/lib/thumb/v7-m\libm.a
START GROUP
LOAD d:/arm/imt_arm_course/02- tools/03- imt sdk/imt_sdk_win_64/winarm/armgcc/bin/../lib/gcc/arm-none-eabi/7.2.1/thumb/v7-m\libgcc.a
LOAD d:/arm/imt_arm_course/02- tools/03- imt sdk/imt_sdk_win_64/winarm/armgcc/bin/../lib/gcc/arm-none-eabi/7.2.1/../../../../arm-none-eabi/lib/thumb/v7-m\libg_nano.a
LOAD d:/arm/imt_arm_course/02- tools/03- imt sdk/imt_sdk_win_64/winarm/armgcc/bin/../lib/gcc/arm-none-eabi/7.2.1/../../../../arm-none-eabi/lib/thumb/v7-m\libc_nano.a
END GROUP
START GROUP
LOAD d:/arm/imt_arm_course/02- tools/03- imt sdk/imt_sdk_win_64/winarm/armgcc/bin/../lib/gcc/arm-none-eabi/7.2.1/thumb/v7-m\libgcc.a
LOAD d:/arm/imt_arm_course/02- tools/03- imt sdk/imt_sdk_win_64/winarm/armgcc/bin/../lib/gcc/arm-none-eabi/7.2.1/../../../../arm-none-eabi/lib/thumb/v7-m\libc_nano.a
END GROUP
                0x20005000                __stack = (ORIGIN (RAM) + LENGTH (RAM))
                0x20005000                _estack = __stack
                0x00000400                __Main_Stack_Size = 0x400
                [!provide]                PROVIDE (_Main_Stack_Size, __Main_Stack_Size)
                0x20004c00                __Main_Stack_Limit = (__stack - __Main_Stack_Size)
                [!provide]                PROVIDE (_Main_Stack_Limit, __Main_Stack_Limit)
                0x00000100                _Minimum_Stack_Size = 0x100
                0x2000008c                PROVIDE (_Heap_Begin, _end_noinit)
                0x20004c00                PROVIDE (_Heap_Limit, (__stack - __Main_Stack_Size))

.isr_vector     0x08000000      0x294
 FILL mask 0xff
                0x08000000                __vectors_start = ABSOLUTE (.)
                0x08000000                __vectors_start__ = ABSOLUTE (.)
 *(.isr_vector)
 .isr_vector    0x08000000      0x10c ./system/src/cmsis/vectors_stm32f10x.o
                0x08000000                __isr_vectors
 *(.cfmconfig)
 *(.after_vectors .after_vectors.*)
 .after_vectors
                0x0800010c      0x114 ./system/src/newlib/_startup.o
                0x0800010c                _start
 .after_vectors
                0x08000220       0x70 ./system/src/cortexm/exception_handlers.o
                0x08000220                Reset_Handler
                0x08000226                NMI_Handler
                0x0800022a                HardFault_Handler
                0x0800023e                HardFault_Handler_C
                0x08000242                MemManage_Handler
                0x08000246                BusFault_Handler
                0x0800025a                BusFault_Handler_C
                0x0800025e                UsageFault_Handler
                0x08000272                UsageFault_Handler_C
                0x08000276                SVC_Handler
                0x0800027a                DebugMon_Handler
                0x0800027e                PendSV_Handler
 .after_vectors
                0x08000290        0x4 ./system/src/cmsis/vectors_stm32f10x.o
                0x08000290                EXTI2_IRQHandler
                0x08000290                TIM8_TRG_COM_IRQHandler
                0x08000290                TIM8_CC_IRQHandler
                0x08000290                TIM6_IRQHandler
                0x08000290                PVD_IRQHandler
                0x08000290                SDIO_IRQHandler
                0x08000290                CAN2_RX1_IRQHandler
                0x08000290                EXTI3_IRQHandler
                0x08000290                TIM8_TRG_COM_TIM14_IRQHandler
                0x08000290                TIM1_UP_TIM10_IRQHandler
                0x08000290                TIM8_UP_TIM13_IRQHandler
                0x08000290                EXTI0_IRQHandler
                0x08000290                I2C2_EV_IRQHandler
                0x08000290                CAN1_RX0_IRQHandler
                0x08000290                TIM1_UP_TIM16_IRQHandler
                0x08000290                CAN2_SCE_IRQHandler
                0x08000290                SPI1_IRQHandler
                0x08000290                TAMPER_IRQHandler
                0x08000290                TIM6_DAC_IRQHandler
                0x08000290                TIM1_BRK_TIM9_IRQHandler
                0x08000290                CAN2_RX0_IRQHandler
                0x08000290                TIM8_UP_IRQHandler
                0x08000290                DMA2_Channel2_IRQHandler
                0x08000290                DMA1_Channel4_IRQHandler
                0x08000290                USART3_IRQHandler
                0x08000290                RTC_IRQHandler
                0x08000290                DMA1_Channel7_IRQHandler
                0x08000290                CAN1_RX1_IRQHandler
                0x08000290                UART5_IRQHandler
                0x08000290                ADC3_IRQHandler
                0x08000290                TIM4_IRQHandler
                0x08000290                DMA2_Channel1_IRQHandler
                0x08000290                I2C1_EV_IRQHandler
                0x08000290                DMA1_Channel6_IRQHandler
                0x08000290                UART4_IRQHandler
                0x08000290                DMA2_Channel4_IRQHandler
                0x08000290                TIM3_IRQHandler
                0x08000290                RCC_IRQHandler
                0x08000290                TIM8_BRK_TIM12_IRQHandler
                0x08000290                DMA1_Channel1_IRQHandler
                0x08000290                Default_Handler
                0x08000290                CEC_IRQHandler
                0x08000290                EXTI15_10_IRQHandler
                0x08000290                TIM14_IRQHandler
                0x08000290                TIM13_IRQHandler
                0x08000290                TIM12_IRQHandler
                0x08000290                TIM7_IRQHandler
                0x08000290                CAN2_TX_IRQHandler
                0x08000290                TIM5_IRQHandler
                0x08000290                EXTI9_5_IRQHandler
                0x08000290                ETH_WKUP_IRQHandler
                0x08000290                SPI2_IRQHandler
                0x08000290                CAN1_TX_IRQHandler
                0x08000290                DMA2_Channel5_IRQHandler
                0x08000290                DMA1_Channel5_IRQHandler
                0x08000290                EXTI4_IRQHandler
                0x08000290                USB_LP_CAN1_RX0_IRQHandler
                0x08000290                TIM1_TRG_COM_TIM17_IRQHandler
                0x08000290                USB_HP_CAN1_TX_IRQHandler
                0x08000290                DMA1_Channel3_IRQHandler
                0x08000290                FSMC_IRQHandler
                0x08000290                ETH_IRQHandler
                0x08000290                WWDG_IRQHandler
                0x08000290                OTG_FS_WKUP_IRQHandler
                0x08000290                TIM1_TRG_COM_TIM11_IRQHandler
                0x08000290                TIM1_BRK_IRQHandler
                0x08000290                EXTI1_IRQHandler
                0x08000290                RTCAlarm_IRQHandler
                0x08000290                DMA2_Channel4_5_IRQHandler
                0x08000290                USART2_IRQHandler
                0x08000290                I2C2_ER_IRQHandler
                0x08000290                DMA1_Channel2_IRQHandler
                0x08000290                TIM8_BRK_IRQHandler
                0x08000290                CAN1_SCE_IRQHandler
                0x08000290                FLASH_IRQHandler
                0x08000290                USART1_IRQHandler
                0x08000290                OTG_FS_IRQHandler
                0x08000290                SPI3_IRQHandler
                0x08000290                I2C1_ER_IRQHandler
                0x08000290                USBWakeUp_IRQHandler
                0x08000290                DMA2_Channel3_IRQHandler
                0x08000290                TIM1_BRK_TIM15_IRQHandler

.inits          0x08000294       0x28
                0x08000294                __data_regions_array_start = .
                0x08000294        0x4 LONG 0x8002118 LOADADDR (.data)
                0x08000298        0x4 LONG 0x20000000 ADDR (.data)
                0x0800029c        0x4 LONG 0x20000028 (ADDR (.data) + SIZEOF (.data))
                0x080002a0        0x4 LONG 0x8002118 LOADADDR (.data_CCMRAM)
                0x080002a4        0x4 LONG 0x0 ADDR (.data_CCMRAM)
                0x080002a8        0x4 LONG 0x0 (ADDR (.data_CCMRAM) + SIZEOF (.data_CCMRAM))
                0x080002ac                __data_regions_array_end = .
                0x080002ac                __bss_regions_array_start = .
                0x080002ac        0x4 LONG 0x20000028 ADDR (.bss)
                0x080002b0        0x4 LONG 0x2000008c (ADDR (.bss) + SIZEOF (.bss))
                0x080002b4        0x4 LONG 0x0 ADDR (.bss_CCMRAM)
                0x080002b8        0x4 LONG 0x0 (ADDR (.bss_CCMRAM) + SIZEOF (.bss_CCMRAM))
                0x080002bc                __bss_regions_array_end = .
 *(.init)
 *(.fini)
                0x080002bc                . = ALIGN (0x4)
                0x080002bc                PROVIDE (__preinit_array_start, .)
 *(.preinit_array_sysinit .preinit_array_sysinit.*)
 *(.preinit_array_platform .preinit_array_platform.*)
 *(.preinit_array .preinit_array.*)
                0x080002bc                PROVIDE (__preinit_array_end, .)
                0x080002bc                . = ALIGN (0x4)
                0x080002bc                PROVIDE (__init_array_start, .)
 *(SORT_BY_NAME(.init_array.*))
 *(.init_array)
                0x080002bc                PROVIDE (__init_array_end, .)
                0x080002bc                . = ALIGN (0x4)
                0x080002bc                PROVIDE (__fini_array_start, .)
 *(SORT_BY_NAME(.fini_array.*))
 *(.fini_array)
                0x080002bc                PROVIDE (__fini_array_end, .)

.flashtext
 *(.flashtext .flashtext.*)

.text           0x080002c0     0x1e58
 *(.text .text.*)
 .text._exit    0x080002c0        0x2 ./system/src/newlib/_exit.o
                0x080002c0                _exit
 *fill*         0x080002c2        0x2 
 .text.__initialize_args
                0x080002c4       0x10 ./system/src/newlib/_syscalls.o
                0x080002c4                __initialize_args
 .text.__initialize_hardware_early
                0x080002d4       0x18 ./system/src/cortexm/_initialize_hardware.o
                0x080002d4                __initialize_hardware_early
 .text.__initialize_hardware
                0x080002ec        0x8 ./system/src/cortexm/_initialize_hardware.o
                0x080002ec                __initialize_hardware
 .text.SetSysClockTo72
                0x080002f4       0xc4 ./system/src/cmsis/system_stm32f10x.o
 .text.SetSysClock
                0x080003b8        0x8 ./system/src/cmsis/system_stm32f10x.o
 .text.SystemInit
                0x080003c0       0x50 ./system/src/cmsis/system_stm32f10x.o
                0x080003c0                SystemInit
 .text.SystemCoreClockUpdate
                0x08000410       0x94 ./system/src/cmsis/system_stm32f10x.o
                0x08000410                SystemCoreClockUpdate
 .text.MADC1_voidInit
                0x080004a4       0x90 ./src/ADC_program.o
                0x080004a4                MADC1_voidInit
 .text.MADC1_voidEnableInterrupt
                0x08000534       0x18 ./src/ADC_program.o
                0x08000534                MADC1_voidEnableInterrupt
 .text.MADC1_voidStartConversion
                0x0800054c       0x20 ./src/ADC_program.o
                0x0800054c                MADC1_voidStartConversion
 .text.ADC1_2_IRQHandler
                0x0800056c       0x18 ./src/ADC_program.o
                0x0800056c                ADC1_2_IRQHandler
 .text.DIO_voidSetPinDirection
                0x08000584       0xdc ./src/DIO_program.o
                0x08000584                DIO_voidSetPinDirection
 .text.DIO_voidSetPinValue
                0x08000660       0x98 ./src/DIO_program.o
                0x08000660                DIO_voidSetPinValue
 .text.DIO_u8GetPinValue
                0x080006f8       0x44 ./src/DIO_program.o
                0x080006f8                DIO_u8GetPinValue
 .text.LCD_EnablePulse
                0x0800073c       0x20 ./src/LCD_program.o
                0x0800073c                LCD_EnablePulse
 .text.LCD_voidSetPinsDirection
                0x0800075c       0x40 ./src/LCD_program.o
                0x0800075c                LCD_voidSetPinsDirection
 .text.LCD_voidSendCmd
                0x0800079c       0x76 ./src/LCD_program.o
                0x0800079c                LCD_voidSendCmd
 .text.LCD_voidSendChar
                0x08000812       0x80 ./src/LCD_program.o
                0x08000812                LCD_voidSendChar
 .text.LCD_voidInitialize
                0x08000892       0x4a ./src/LCD_program.o
                0x08000892                LCD_voidInitialize
 .text.LCD_voidSendString
                0x080008dc       0x14 ./src/LCD_program.o
                0x080008dc                LCD_voidSendString
 .text.NVIC_voidEnableInterrupt
                0x080008f0       0x2c ./src/NVIC_program.o
                0x080008f0                NVIC_voidEnableInterrupt
 .text.NVIC_voidSetPriority
                0x0800091c       0x30 ./src/NVIC_program.o
                0x0800091c                NVIC_voidSetPriority
 .text.PIDController_Init
                0x0800094c        0xe ./src/PID_program.o
                0x0800094c                PIDController_Init
 .text.PIDController_Update
                0x0800095a      0x152 ./src/PID_program.o
                0x0800095a                PIDController_Update
 .text.RCC_voidEnableClock
                0x08000aac       0x4c ./src/RCC_program.o
                0x08000aac                RCC_voidEnableClock
 .text.RCC_voidInitSysClock
                0x08000af8       0x14 ./src/RCC_program.o
                0x08000af8                RCC_voidInitSysClock
 .text.MSTK_voidInit
                0x08000b0c        0xc ./src/STK_program.o
                0x08000b0c                MSTK_voidInit
 .text.MSTK_voidSetBusyWait
                0x08000b18       0x28 ./src/STK_program.o
                0x08000b18                MSTK_voidSetBusyWait
 .text.MSTK_voidSetIntervalPeriodic
                0x08000b40       0x34 ./src/STK_program.o
                0x08000b40                MSTK_voidSetIntervalPeriodic
 .text.SysTick_Handler
                0x08000b74       0x30 ./src/STK_program.o
                0x08000b74                SysTick_Handler
 .text.MTIMER1_voidGeneratePWM1
                0x08000ba4       0x44 ./src/TIMER1_program.o
                0x08000ba4                MTIMER1_voidGeneratePWM1
 .text.MTIMER1_voidGeneratePWM3
                0x08000be8       0x44 ./src/TIMER1_program.o
                0x08000be8                MTIMER1_voidGeneratePWM3
 .text.MTIMER1_voidGeneratePWM5
                0x08000c2c       0x44 ./src/TIMER1_program.o
                0x08000c2c                MTIMER1_voidGeneratePWM5
 .text.MTIMER1_voidConfigurePWM
                0x08000c70       0xd4 ./src/TIMER1_program.o
                0x08000c70                MTIMER1_voidConfigurePWM
 .text.TIM1_UP_IRQHandler
                0x08000d44       0x1c ./src/TIMER1_program.o
                0x08000d44                TIM1_UP_IRQHandler
 .text.TIM1_CC_IRQHandler
                0x08000d60       0x2c ./src/TIMER1_program.o
                0x08000d60                TIM1_CC_IRQHandler
 .text.TIM1_TRG_COM_IRQHandler
                0x08000d8c       0x1c ./src/TIMER1_program.o
                0x08000d8c                TIM1_TRG_COM_IRQHandler
 .text.MTIMER2_voidMeasureHallSensorsAsynch
                0x08000da8       0xa8 ./src/TIMER2_program.o
                0x08000da8                MTIMER2_voidMeasureHallSensorsAsynch
 .text.TIM2_IRQHandler
                0x08000e50       0x2c ./src/TIMER2_program.o
                0x08000e50                TIM2_IRQHandler
 .text.Task1    0x08000e7c      0x224 ./src/main.o
                0x08000e7c                Task1
 .text.TASK2    0x080010a0       0x50 ./src/main.o
                0x080010a0                TASK2
 .text.TASK3    0x080010f0       0x5c ./src/main.o
                0x080010f0                TASK3
 .text.main     0x0800114c      0x160 ./src/main.o
                0x0800114c                main
 .text          0x080012ac      0x378 d:/arm/imt_arm_course/02- tools/03- imt sdk/imt_sdk_win_64/winarm/armgcc/bin/../lib/gcc/arm-none-eabi/7.2.1/thumb/v7-m\libgcc.a(_arm_addsubdf3.o)
                0x080012ac                __aeabi_drsub
                0x080012b4                __aeabi_dsub
                0x080012b4                __subdf3
                0x080012b8                __aeabi_dadd
                0x080012b8                __adddf3
                0x08001530                __floatunsidf
                0x08001530                __aeabi_ui2d
                0x08001550                __floatsidf
                0x08001550                __aeabi_i2d
                0x08001574                __aeabi_f2d
                0x08001574                __extendsfdf2
                0x080015b8                __floatundidf
                0x080015b8                __aeabi_ul2d
                0x080015c8                __floatdidf
                0x080015c8                __aeabi_l2d
 .text          0x08001624      0x424 d:/arm/imt_arm_course/02- tools/03- imt sdk/imt_sdk_win_64/winarm/armgcc/bin/../lib/gcc/arm-none-eabi/7.2.1/thumb/v7-m\libgcc.a(_arm_muldivdf3.o)
                0x08001624                __aeabi_dmul
                0x08001624                __muldf3
                0x08001878                __divdf3
                0x08001878                __aeabi_ddiv
 .text          0x08001a48       0x40 d:/arm/imt_arm_course/02- tools/03- imt sdk/imt_sdk_win_64/winarm/armgcc/bin/../lib/gcc/arm-none-eabi/7.2.1/thumb/v7-m\libgcc.a(_arm_fixunsdfsi.o)
                0x08001a48                __aeabi_d2uiz
                0x08001a48                __fixunsdfsi
 .text          0x08001a88       0xa0 d:/arm/imt_arm_course/02- tools/03- imt sdk/imt_sdk_win_64/winarm/armgcc/bin/../lib/gcc/arm-none-eabi/7.2.1/thumb/v7-m\libgcc.a(_arm_truncdfsf2.o)
                0x08001a88                __truncdfsf2
                0x08001a88                __aeabi_d2f
 .text          0x08001b28      0x21c d:/arm/imt_arm_course/02- tools/03- imt sdk/imt_sdk_win_64/winarm/armgcc/bin/../lib/gcc/arm-none-eabi/7.2.1/thumb/v7-m\libgcc.a(_arm_addsubsf3.o)
                0x08001b28                __aeabi_frsub
                0x08001b30                __subsf3
                0x08001b30                __aeabi_fsub
                0x08001b34                __aeabi_fadd
                0x08001b34                __addsf3
                0x08001c94                __aeabi_ui2f
                0x08001c94                __floatunsisf
                0x08001c9c                __aeabi_i2f
                0x08001c9c                __floatsisf
                0x08001cb8                __aeabi_ul2f
                0x08001cb8                __floatundisf
                0x08001cc8                __aeabi_l2f
                0x08001cc8                __floatdisf
 .text          0x08001d44      0x2a0 d:/arm/imt_arm_course/02- tools/03- imt sdk/imt_sdk_win_64/winarm/armgcc/bin/../lib/gcc/arm-none-eabi/7.2.1/thumb/v7-m\libgcc.a(_arm_muldivsf3.o)
                0x08001d44                __mulsf3
                0x08001d44                __aeabi_fmul
                0x08001eac                __aeabi_fdiv
                0x08001eac                __divsf3
 .text          0x08001fe4       0xec d:/arm/imt_arm_course/02- tools/03- imt sdk/imt_sdk_win_64/winarm/armgcc/bin/../lib/gcc/arm-none-eabi/7.2.1/thumb/v7-m\libgcc.a(_arm_cmpsf2.o)
                0x08001fe4                __gesf2
                0x08001fe4                __gtsf2
                0x08001fec                __lesf2
                0x08001fec                __ltsf2
                0x08001ff4                __nesf2
                0x08001ff4                __eqsf2
                0x08001ff4                __cmpsf2
                0x08002054                __aeabi_cfrcmple
                0x0800205c                __aeabi_cfcmpeq
                0x0800205c                __aeabi_cfcmple
                0x0800206c                __aeabi_fcmpeq
                0x08002080                __aeabi_fcmplt
                0x08002094                __aeabi_fcmple
                0x080020a8                __aeabi_fcmpge
                0x080020bc                __aeabi_fcmpgt
 .text          0x080020d0       0x40 d:/arm/imt_arm_course/02- tools/03- imt sdk/imt_sdk_win_64/winarm/armgcc/bin/../lib/gcc/arm-none-eabi/7.2.1/thumb/v7-m\libgcc.a(_arm_fixunssfsi.o)
                0x080020d0                __fixunssfsi
                0x080020d0                __aeabi_f2uiz
 *(.rodata .rodata.* .constdata .constdata.*)
 .rodata.main.str1.4
                0x08002110        0x8 ./src/main.o
 *(vtable)
 *(.eh_frame*)
 *(.glue_7)
 .glue_7        0x08002118        0x0 linker stubs
 *(.glue_7t)
 .glue_7t       0x08002118        0x0 linker stubs

.vfp11_veneer   0x08002118        0x0
 .vfp11_veneer  0x08002118        0x0 linker stubs

.v4_bx          0x08002118        0x0
 .v4_bx         0x08002118        0x0 linker stubs

.iplt           0x08002118        0x0
 .iplt          0x08002118        0x0 ./system/src/newlib/_exit.o

.rel.dyn        0x08002118        0x0
 .rel.iplt      0x08002118        0x0 ./system/src/newlib/_exit.o

.ARM.extab
 *(.ARM.extab* .gnu.linkonce.armextab.*)
                0x08002118                . = ALIGN (0x4)
                0x08002118                __exidx_start = .

.ARM.exidx
 *(.ARM.exidx* .gnu.linkonce.armexidx.*)
                0x08002118                __exidx_end = .
                0x08002118                . = ALIGN (0x4)
                0x08002118                _etext = .
                0x08002118                __etext = .

.data_CCMRAM    0x00000000        0x0 load address 0x08002118
 FILL mask 0xff
 *(.data.CCMRAM .data.CCMRAM.*)
                0x00000000                . = ALIGN (0x4)
                0x08002118                _sidata = LOADADDR (.data)

.data           0x20000000       0x28 load address 0x08002118
 FILL mask 0xff
                0x20000000                _sdata = .
                0x20000000                __data_start__ = .
 *(.data_begin .data_begin.*)
 .data_begin    0x20000000        0x4 ./system/src/newlib/_startup.o
 *(.data .data.*)
 .data.argv.4310
                0x20000004        0x8 ./system/src/newlib/_syscalls.o
 .data.AHBPrescTable
                0x2000000c       0x10 ./system/src/cmsis/system_stm32f10x.o
                0x2000000c                AHBPrescTable
 .data.SystemCoreClock
                0x2000001c        0x4 ./system/src/cmsis/system_stm32f10x.o
                0x2000001c                SystemCoreClock
 .data.Setpoint
                0x20000020        0x4 ./src/main.o
                0x20000020                Setpoint
 *(.data_end .data_end.*)
 .data_end      0x20000024        0x4 ./system/src/newlib/_startup.o
                0x20000028                . = ALIGN (0x4)
                0x20000028                _edata = .
                0x20000028                __data_end__ = .

.igot.plt       0x20000028        0x0 load address 0x08002140
 .igot.plt      0x20000028        0x0 ./system/src/newlib/_exit.o

.bss_CCMRAM     0x00000000        0x0
 *(.bss.CCMRAM .bss.CCMRAM.*)

.bss            0x20000028       0x64
                0x20000028                __bss_start__ = .
                0x20000028                _sbss = .
 *(.bss_begin .bss_begin.*)
 .bss_begin     0x20000028        0x4 ./system/src/newlib/_startup.o
 *(.bss .bss.*)
 .bss.name.4309
                0x2000002c        0x1 ./system/src/newlib/_syscalls.o
 .bss.H1        0x2000002d        0x1 ./src/main.o
                0x2000002d                H1
 .bss.H2        0x2000002e        0x1 ./src/main.o
                0x2000002e                H2
 .bss.H3        0x2000002f        0x1 ./src/main.o
                0x2000002f                H3
 .bss.duty      0x20000030        0x1 ./src/main.o
                0x20000030                duty
 *fill*         0x20000031        0x3 
 .bss.speed     0x20000034        0x4 ./src/main.o
                0x20000034                speed
 *(COMMON)
 COMMON         0x20000038        0x4 ./src/ADC_program.o
                0x20000038                CallBack
 COMMON         0x2000003c        0x5 ./src/STK_program.o
                0x2000003c                MSTK_CallBack
                0x20000040                MSTK_State
 *fill*         0x20000041        0x3 
 COMMON         0x20000044       0x10 ./src/TIMER1_program.o
                0x20000044                CallBack4
                0x20000048                CallBack3
                0x2000004c                CallBack2
                0x20000050                CallBack6
 COMMON         0x20000054        0x4 ./src/TIMER2_program.o
                0x20000054                CallBack5
 COMMON         0x20000058       0x30 ./src/main.o
                0x20000058                PID
 *(.bss_end .bss_end.*)
 .bss_end       0x20000088        0x4 ./system/src/newlib/_startup.o
                0x2000008c                . = ALIGN (0x4)
                0x2000008c                __bss_end__ = .
                0x2000008c                _ebss = .

.noinit_CCMRAM
 *(.noinit.CCMRAM .noinit.CCMRAM.*)

.noinit         0x2000008c        0x0
                0x2000008c                _noinit = .
 *(.noinit .noinit.*)
                0x2000008c                . = ALIGN (0x4)
                0x2000008c                _end_noinit = .
                [!provide]                PROVIDE (end, _end_noinit)
                [!provide]                PROVIDE (_end, _end_noinit)
                [!provide]                PROVIDE (__end, _end_noinit)
                [!provide]                PROVIDE (__end__, _end_noinit)

._check_stack   0x2000008c      0x100
                0x2000018c                . = (. + _Minimum_Stack_Size)
 *fill*         0x2000008c      0x100 

.b1text
 *(.b1text)
 *(.b1rodata)
 *(.b1rodata.*)

.eb0text
 *(.eb0text)
 *(.eb0rodata)
 *(.eb0rodata.*)

.eb1text
 *(.eb1text)
 *(.eb1rodata)
 *(.eb1rodata.*)

.eb2text
 *(.eb2text)
 *(.eb2rodata)
 *(.eb2rodata.*)

.eb3text
 *(.eb3text)
 *(.eb3rodata)
 *(.eb3rodata.*)

.stab
 *(.stab)

.stabstr
 *(.stabstr)

.stab.excl
 *(.stab.excl)

.stab.exclstr
 *(.stab.exclstr)

.stab.index
 *(.stab.index)

.stab.indexstr
 *(.stab.indexstr)

.comment        0x00000000       0x7e
 *(.comment)
 .comment       0x00000000       0x7e ./system/src/newlib/_exit.o
                                 0x7f (size before relaxing)
 .comment       0x0000007e       0x7f ./system/src/newlib/_startup.o
 .comment       0x0000007e       0x7f ./system/src/newlib/_syscalls.o
 .comment       0x0000007e       0x7f ./system/src/cortexm/_initialize_hardware.o
 .comment       0x0000007e       0x7f ./system/src/cortexm/exception_handlers.o
 .comment       0x0000007e       0x7f ./system/src/cmsis/system_stm32f10x.o
 .comment       0x0000007e       0x7f ./system/src/cmsis/vectors_stm32f10x.o
 .comment       0x0000007e       0x7f ./src/ADC_program.o
 .comment       0x0000007e       0x7f ./src/DIO_program.o
 .comment       0x0000007e       0x7f ./src/LCD_program.o
 .comment       0x0000007e       0x7f ./src/NVIC_program.o
 .comment       0x0000007e       0x7f ./src/PID_program.o
 .comment       0x0000007e       0x7f ./src/RCC_program.o
 .comment       0x0000007e       0x7f ./src/STK_program.o
 .comment       0x0000007e       0x7f ./src/TIMER1_program.o
 .comment       0x0000007e       0x7f ./src/TIMER2_program.o
 .comment       0x0000007e       0x7f ./src/main.o

.ARM.attributes
                0x00000000       0x33
 .ARM.attributes
                0x00000000       0x33 ./system/src/newlib/_exit.o
 .ARM.attributes
                0x00000033       0x33 ./system/src/newlib/_startup.o
 .ARM.attributes
                0x00000066       0x33 ./system/src/newlib/_syscalls.o
 .ARM.attributes
                0x00000099       0x33 ./system/src/cortexm/_initialize_hardware.o
 .ARM.attributes
                0x000000cc       0x33 ./system/src/cortexm/exception_handlers.o
 .ARM.attributes
                0x000000ff       0x33 ./system/src/cmsis/system_stm32f10x.o
 .ARM.attributes
                0x00000132       0x33 ./system/src/cmsis/vectors_stm32f10x.o
 .ARM.attributes
                0x00000165       0x33 ./src/ADC_program.o
 .ARM.attributes
                0x00000198       0x33 ./src/DIO_program.o
 .ARM.attributes
                0x000001cb       0x33 ./src/LCD_program.o
 .ARM.attributes
                0x000001fe       0x33 ./src/NVIC_program.o
 .ARM.attributes
                0x00000231       0x33 ./src/PID_program.o
 .ARM.attributes
                0x00000264       0x33 ./src/RCC_program.o
 .ARM.attributes
                0x00000297       0x33 ./src/STK_program.o
 .ARM.attributes
                0x000002ca       0x33 ./src/TIMER1_program.o
 .ARM.attributes
                0x000002fd       0x33 ./src/TIMER2_program.o
 .ARM.attributes
                0x00000330       0x33 ./src/main.o
 .ARM.attributes
                0x00000363       0x1d d:/arm/imt_arm_course/02- tools/03- imt sdk/imt_sdk_win_64/winarm/armgcc/bin/../lib/gcc/arm-none-eabi/7.2.1/thumb/v7-m\libgcc.a(_arm_addsubdf3.o)
 .ARM.attributes
                0x00000380       0x1d d:/arm/imt_arm_course/02- tools/03- imt sdk/imt_sdk_win_64/winarm/armgcc/bin/../lib/gcc/arm-none-eabi/7.2.1/thumb/v7-m\libgcc.a(_arm_muldivdf3.o)
 .ARM.attributes
                0x0000039d       0x1d d:/arm/imt_arm_course/02- tools/03- imt sdk/imt_sdk_win_64/winarm/armgcc/bin/../lib/gcc/arm-none-eabi/7.2.1/thumb/v7-m\libgcc.a(_arm_fixunsdfsi.o)
 .ARM.attributes
                0x000003ba       0x1d d:/arm/imt_arm_course/02- tools/03- imt sdk/imt_sdk_win_64/winarm/armgcc/bin/../lib/gcc/arm-none-eabi/7.2.1/thumb/v7-m\libgcc.a(_arm_truncdfsf2.o)
 .ARM.attributes
                0x000003d7       0x1d d:/arm/imt_arm_course/02- tools/03- imt sdk/imt_sdk_win_64/winarm/armgcc/bin/../lib/gcc/arm-none-eabi/7.2.1/thumb/v7-m\libgcc.a(_arm_addsubsf3.o)
 .ARM.attributes
                0x000003f4       0x1d d:/arm/imt_arm_course/02- tools/03- imt sdk/imt_sdk_win_64/winarm/armgcc/bin/../lib/gcc/arm-none-eabi/7.2.1/thumb/v7-m\libgcc.a(_arm_muldivsf3.o)
 .ARM.attributes
                0x00000411       0x1d d:/arm/imt_arm_course/02- tools/03- imt sdk/imt_sdk_win_64/winarm/armgcc/bin/../lib/gcc/arm-none-eabi/7.2.1/thumb/v7-m\libgcc.a(_arm_cmpsf2.o)
 .ARM.attributes
                0x0000042e       0x1d d:/arm/imt_arm_course/02- tools/03- imt sdk/imt_sdk_win_64/winarm/armgcc/bin/../lib/gcc/arm-none-eabi/7.2.1/thumb/v7-m\libgcc.a(_arm_fixunssfsi.o)

.debug
 *(.debug)

.line
 *(.line)

.debug_srcinfo
 *(.debug_srcinfo)

.debug_sfnames
 *(.debug_sfnames)

.debug_aranges  0x00000000      0x4a0
 *(.debug_aranges)
 .debug_aranges
                0x00000000       0x28 ./system/src/newlib/_exit.o
 .debug_aranges
                0x00000028       0x40 ./system/src/newlib/_startup.o
 .debug_aranges
                0x00000068       0x30 ./system/src/newlib/_syscalls.o
 .debug_aranges
                0x00000098       0x28 ./system/src/cortexm/_initialize_hardware.o
 .debug_aranges
                0x000000c0       0x80 ./system/src/cortexm/exception_handlers.o
 .debug_aranges
                0x00000140       0x38 ./system/src/cmsis/system_stm32f10x.o
 .debug_aranges
                0x00000178       0x20 ./system/src/cmsis/vectors_stm32f10x.o
 .debug_aranges
                0x00000198       0x38 ./src/ADC_program.o
 .debug_aranges
                0x000001d0       0x38 ./src/DIO_program.o
 .debug_aranges
                0x00000208       0x78 ./src/LCD_program.o
 .debug_aranges
                0x00000280       0x48 ./src/NVIC_program.o
 .debug_aranges
                0x000002c8       0x28 ./src/PID_program.o
 .debug_aranges
                0x000002f0       0x30 ./src/RCC_program.o
 .debug_aranges
                0x00000320       0x58 ./src/STK_program.o
 .debug_aranges
                0x00000378       0x98 ./src/TIMER1_program.o
 .debug_aranges
                0x00000410       0x58 ./src/TIMER2_program.o
 .debug_aranges
                0x00000468       0x38 ./src/main.o

.debug_pubnames
 *(.debug_pubnames)

.debug_info     0x00000000     0x4f3a
 *(.debug_info .gnu.linkonce.wi.*)
 .debug_info    0x00000000      0x94a ./system/src/newlib/_exit.o
 .debug_info    0x0000094a      0x42e ./system/src/newlib/_startup.o
 .debug_info    0x00000d78      0xa19 ./system/src/newlib/_syscalls.o
 .debug_info    0x00001791      0x2b5 ./system/src/cortexm/_initialize_hardware.o
 .debug_info    0x00001a46      0xae8 ./system/src/cortexm/exception_handlers.o
 .debug_info    0x0000252e      0x494 ./system/src/cmsis/system_stm32f10x.o
 .debug_info    0x000029c2       0xca ./system/src/cmsis/vectors_stm32f10x.o
 .debug_info    0x00002a8c      0x225 ./src/ADC_program.o
 .debug_info    0x00002cb1      0x172 ./src/DIO_program.o
 .debug_info    0x00002e23      0x85c ./src/LCD_program.o
 .debug_info    0x0000367f      0x18b ./src/NVIC_program.o
 .debug_info    0x0000380a      0x1b4 ./src/PID_program.o
 .debug_info    0x000039be       0xe8 ./src/RCC_program.o
 .debug_info    0x00003aa6      0x1f8 ./src/STK_program.o
 .debug_info    0x00003c9e      0x4af ./src/TIMER1_program.o
 .debug_info    0x0000414d      0x35f ./src/TIMER2_program.o
 .debug_info    0x000044ac      0xa8e ./src/main.o

.debug_abbrev   0x00000000     0x1543
 *(.debug_abbrev)
 .debug_abbrev  0x00000000      0x1f5 ./system/src/newlib/_exit.o
 .debug_abbrev  0x000001f5      0x1b3 ./system/src/newlib/_startup.o
 .debug_abbrev  0x000003a8      0x234 ./system/src/newlib/_syscalls.o
 .debug_abbrev  0x000005dc       0xea ./system/src/cortexm/_initialize_hardware.o
 .debug_abbrev  0x000006c6      0x23a ./system/src/cortexm/exception_handlers.o
 .debug_abbrev  0x00000900      0x177 ./system/src/cmsis/system_stm32f10x.o
 .debug_abbrev  0x00000a77       0x9d ./system/src/cmsis/vectors_stm32f10x.o
 .debug_abbrev  0x00000b14      0x100 ./src/ADC_program.o
 .debug_abbrev  0x00000c14       0xb1 ./src/DIO_program.o
 .debug_abbrev  0x00000cc5      0x135 ./src/LCD_program.o
 .debug_abbrev  0x00000dfa       0xaa ./src/NVIC_program.o
 .debug_abbrev  0x00000ea4       0xe0 ./src/PID_program.o
 .debug_abbrev  0x00000f84       0x97 ./src/RCC_program.o
 .debug_abbrev  0x0000101b      0x140 ./src/STK_program.o
 .debug_abbrev  0x0000115b      0x191 ./src/TIMER1_program.o
 .debug_abbrev  0x000012ec      0x116 ./src/TIMER2_program.o
 .debug_abbrev  0x00001402      0x141 ./src/main.o

.debug_line     0x00000000     0x29db
 *(.debug_line)
 .debug_line    0x00000000      0x39a ./system/src/newlib/_exit.o
 .debug_line    0x0000039a      0x409 ./system/src/newlib/_startup.o
 .debug_line    0x000007a3      0x478 ./system/src/newlib/_syscalls.o
 .debug_line    0x00000c1b      0x387 ./system/src/cortexm/_initialize_hardware.o
 .debug_line    0x00000fa2      0x6df ./system/src/cortexm/exception_handlers.o
 .debug_line    0x00001681      0x3fa ./system/src/cmsis/system_stm32f10x.o
 .debug_line    0x00001a7b      0x113 ./system/src/cmsis/vectors_stm32f10x.o
 .debug_line    0x00001b8e       0xe9 ./src/ADC_program.o
 .debug_line    0x00001c77      0x114 ./src/DIO_program.o
 .debug_line    0x00001d8b      0x237 ./src/LCD_program.o
 .debug_line    0x00001fc2      0x118 ./src/NVIC_program.o
 .debug_line    0x000020da       0xd6 ./src/PID_program.o
 .debug_line    0x000021b0       0xd3 ./src/RCC_program.o
 .debug_line    0x00002283      0x131 ./src/STK_program.o
 .debug_line    0x000023b4      0x28e ./src/TIMER1_program.o
 .debug_line    0x00002642      0x17e ./src/TIMER2_program.o
 .debug_line    0x000027c0      0x21b ./src/main.o

.debug_frame    0x00000000      0xba4
 *(.debug_frame)
 .debug_frame   0x00000000       0x38 ./system/src/newlib/_exit.o
 .debug_frame   0x00000038       0x7c ./system/src/newlib/_startup.o
 .debug_frame   0x000000b4       0x50 ./system/src/newlib/_syscalls.o
 .debug_frame   0x00000104       0x40 ./system/src/cortexm/_initialize_hardware.o
 .debug_frame   0x00000144       0xe8 ./system/src/cortexm/exception_handlers.o
 .debug_frame   0x0000022c       0x6c ./system/src/cmsis/system_stm32f10x.o
 .debug_frame   0x00000298       0x20 ./system/src/cmsis/vectors_stm32f10x.o
 .debug_frame   0x000002b8       0x58 ./src/ADC_program.o
 .debug_frame   0x00000310       0x5c ./src/DIO_program.o
 .debug_frame   0x0000036c      0x140 ./src/LCD_program.o
 .debug_frame   0x000004ac       0x7c ./src/NVIC_program.o
 .debug_frame   0x00000528       0x4c ./src/PID_program.o
 .debug_frame   0x00000574       0x40 ./src/RCC_program.o
 .debug_frame   0x000005b4       0x98 ./src/STK_program.o
 .debug_frame   0x0000064c      0x18c ./src/TIMER1_program.o
 .debug_frame   0x000007d8       0xa4 ./src/TIMER2_program.o
 .debug_frame   0x0000087c       0x74 ./src/main.o
 .debug_frame   0x000008f0       0xac d:/arm/imt_arm_course/02- tools/03- imt sdk/imt_sdk_win_64/winarm/armgcc/bin/../lib/gcc/arm-none-eabi/7.2.1/thumb/v7-m\libgcc.a(_arm_addsubdf3.o)
 .debug_frame   0x0000099c       0x50 d:/arm/imt_arm_course/02- tools/03- imt sdk/imt_sdk_win_64/winarm/armgcc/bin/../lib/gcc/arm-none-eabi/7.2.1/thumb/v7-m\libgcc.a(_arm_muldivdf3.o)
 .debug_frame   0x000009ec       0x24 d:/arm/imt_arm_course/02- tools/03- imt sdk/imt_sdk_win_64/winarm/armgcc/bin/../lib/gcc/arm-none-eabi/7.2.1/thumb/v7-m\libgcc.a(_arm_fixunsdfsi.o)
 .debug_frame   0x00000a10       0x24 d:/arm/imt_arm_course/02- tools/03- imt sdk/imt_sdk_win_64/winarm/armgcc/bin/../lib/gcc/arm-none-eabi/7.2.1/thumb/v7-m\libgcc.a(_arm_truncdfsf2.o)
 .debug_frame   0x00000a34       0x4c d:/arm/imt_arm_course/02- tools/03- imt sdk/imt_sdk_win_64/winarm/armgcc/bin/../lib/gcc/arm-none-eabi/7.2.1/thumb/v7-m\libgcc.a(_arm_addsubsf3.o)
 .debug_frame   0x00000a80       0x38 d:/arm/imt_arm_course/02- tools/03- imt sdk/imt_sdk_win_64/winarm/armgcc/bin/../lib/gcc/arm-none-eabi/7.2.1/thumb/v7-m\libgcc.a(_arm_muldivsf3.o)
 .debug_frame   0x00000ab8       0xc8 d:/arm/imt_arm_course/02- tools/03- imt sdk/imt_sdk_win_64/winarm/armgcc/bin/../lib/gcc/arm-none-eabi/7.2.1/thumb/v7-m\libgcc.a(_arm_cmpsf2.o)
 .debug_frame   0x00000b80       0x24 d:/arm/imt_arm_course/02- tools/03- imt sdk/imt_sdk_win_64/winarm/armgcc/bin/../lib/gcc/arm-none-eabi/7.2.1/thumb/v7-m\libgcc.a(_arm_fixunssfsi.o)

.debug_str      0x00000000    0x56a5d
 *(.debug_str)
 .debug_str     0x00000000     0x7cef ./system/src/newlib/_exit.o
                               0x7eb3 (size before relaxing)
 .debug_str     0x00007cef      0xbbd ./system/src/newlib/_startup.o
                               0x69a0 (size before relaxing)
 .debug_str     0x000088ac     0x1311 ./system/src/newlib/_syscalls.o
                               0x8140 (size before relaxing)
 .debug_str     0x00009bbd    0x4b01b ./system/src/cortexm/_initialize_hardware.o
                              0x4e802 (size before relaxing)
 .debug_str     0x00054bd8      0x1db ./system/src/cortexm/exception_handlers.o
                              0x53917 (size before relaxing)
 .debug_str     0x00054db3      0x11d ./system/src/cmsis/system_stm32f10x.o
                              0x4e89c (size before relaxing)
 .debug_str     0x00054ed0       0x57 ./system/src/cmsis/vectors_stm32f10x.o
                               0x3841 (size before relaxing)
 .debug_str     0x00054f27      0x20d ./src/ADC_program.o
                               0x2f5c (size before relaxing)
 .debug_str     0x00055134      0x71a ./src/DIO_program.o
                               0x3509 (size before relaxing)
 .debug_str     0x0005584e      0x33c ./src/LCD_program.o
                               0x3381 (size before relaxing)
 .debug_str     0x00055b8a      0x488 ./src/NVIC_program.o
                               0x3277 (size before relaxing)
 .debug_str     0x00056012       0xda ./src/PID_program.o
                               0x2edb (size before relaxing)
 .debug_str     0x000560ec      0x27a ./src/RCC_program.o
                               0x3069 (size before relaxing)
 .debug_str     0x00056366      0x191 ./src/STK_program.o
                               0x2fb6 (size before relaxing)
 .debug_str     0x000564f7      0x37f ./src/TIMER1_program.o
                               0x3177 (size before relaxing)
 .debug_str     0x00056876      0x17e ./src/TIMER2_program.o
                               0x3032 (size before relaxing)
 .debug_str     0x000569f4       0x69 ./src/main.o
                               0x34c7 (size before relaxing)

.debug_loc      0x00000000     0x1100
 *(.debug_loc)
 .debug_loc     0x00000000      0x1a9 ./system/src/newlib/_startup.o
 .debug_loc     0x000001a9       0x63 ./system/src/newlib/_syscalls.o
 .debug_loc     0x0000020c       0xdf ./system/src/cmsis/system_stm32f10x.o
 .debug_loc     0x000002eb       0x21 ./src/ADC_program.o
 .debug_loc     0x0000030c      0x352 ./src/DIO_program.o
 .debug_loc     0x0000065e      0x3bc ./src/LCD_program.o
 .debug_loc     0x00000a1a      0x161 ./src/NVIC_program.o
 .debug_loc     0x00000b7b      0x110 ./src/PID_program.o
 .debug_loc     0x00000c8b       0xa6 ./src/RCC_program.o
 .debug_loc     0x00000d31       0x80 ./src/STK_program.o
 .debug_loc     0x00000db1      0x23f ./src/TIMER1_program.o
 .debug_loc     0x00000ff0       0xc3 ./src/TIMER2_program.o
 .debug_loc     0x000010b3       0x4d ./src/main.o

.debug_macinfo
 *(.debug_macinfo)

.debug_weaknames
 *(.debug_weaknames)

.debug_funcnames
 *(.debug_funcnames)

.debug_typenames
 *(.debug_typenames)

.debug_varnames
 *(.debug_varnames)
OUTPUT(simple_six_steps_PI_speed.elf elf32-littlearm)

.debug_ranges   0x00000000      0x408
 .debug_ranges  0x00000000       0x18 ./system/src/newlib/_exit.o
 .debug_ranges  0x00000018       0x78 ./system/src/newlib/_startup.o
 .debug_ranges  0x00000090       0x20 ./system/src/newlib/_syscalls.o
 .debug_ranges  0x000000b0       0x18 ./system/src/cortexm/_initialize_hardware.o
 .debug_ranges  0x000000c8       0x70 ./system/src/cortexm/exception_handlers.o
 .debug_ranges  0x00000138       0x28 ./system/src/cmsis/system_stm32f10x.o
 .debug_ranges  0x00000160       0x10 ./system/src/cmsis/vectors_stm32f10x.o
 .debug_ranges  0x00000170       0x28 ./src/ADC_program.o
 .debug_ranges  0x00000198       0x40 ./src/DIO_program.o
 .debug_ranges  0x000001d8       0x80 ./src/LCD_program.o
 .debug_ranges  0x00000258       0x38 ./src/NVIC_program.o
 .debug_ranges  0x00000290       0x18 ./src/PID_program.o
 .debug_ranges  0x000002a8       0x20 ./src/RCC_program.o
 .debug_ranges  0x000002c8       0x48 ./src/STK_program.o
 .debug_ranges  0x00000310       0x88 ./src/TIMER1_program.o
 .debug_ranges  0x00000398       0x48 ./src/TIMER2_program.o
 .debug_ranges  0x000003e0       0x28 ./src/main.o

.debug_macro    0x00000000     0x1f4c
 .debug_macro   0x00000000      0x1b4 ./system/src/newlib/_exit.o
 .debug_macro   0x000001b4       0x9c ./system/src/newlib/_exit.o
 .debug_macro   0x00000250      0x10e ./system/src/newlib/_exit.o
 .debug_macro   0x0000035e       0x8d ./system/src/newlib/_exit.o
 .debug_macro   0x000003eb       0x43 ./system/src/newlib/_exit.o
 .debug_macro   0x0000042e      0x330 ./system/src/newlib/_exit.o
 .debug_macro   0x0000075e       0x35 ./system/src/newlib/_exit.o
 .debug_macro   0x00000793      0x173 ./system/src/newlib/_startup.o
 .debug_macro   0x00000906      0x217 ./system/src/newlib/_syscalls.o
 .debug_macro   0x00000b1d       0x1c ./system/src/newlib/_syscalls.o
 .debug_macro   0x00000b39       0x10 ./system/src/newlib/_syscalls.o
 .debug_macro   0x00000b49       0x10 ./system/src/newlib/_syscalls.o
 .debug_macro   0x00000b59       0x10 ./system/src/newlib/_syscalls.o
 .debug_macro   0x00000b69       0x35 ./system/src/newlib/_syscalls.o
 .debug_macro   0x00000b9e      0x122 ./system/src/newlib/_syscalls.o
 .debug_macro   0x00000cc0       0x88 ./system/src/newlib/_syscalls.o
 .debug_macro   0x00000d48       0x2b ./system/src/newlib/_syscalls.o
 .debug_macro   0x00000d73      0x118 ./system/src/newlib/_syscalls.o
 .debug_macro   0x00000e8b      0x189 ./system/src/newlib/_syscalls.o
 .debug_macro   0x00001014       0x16 ./system/src/newlib/_syscalls.o
 .debug_macro   0x0000102a      0x16b ./system/src/cortexm/_initialize_hardware.o
 .debug_macro   0x00001195      0x324 ./system/src/cortexm/exception_handlers.o
 .debug_macro   0x000014b9       0x3b ./system/src/cortexm/exception_handlers.o
 .debug_macro   0x000014f4       0x22 ./system/src/cortexm/exception_handlers.o
 .debug_macro   0x00001516       0x10 ./system/src/cortexm/exception_handlers.o
 .debug_macro   0x00001526       0xcf ./system/src/cortexm/exception_handlers.o
 .debug_macro   0x000015f5       0xbe ./system/src/cortexm/exception_handlers.o
 .debug_macro   0x000016b3       0x10 ./system/src/cortexm/exception_handlers.o
 .debug_macro   0x000016c3      0x16e ./system/src/cmsis/system_stm32f10x.o
 .debug_macro   0x00001831       0x34 ./system/src/cmsis/vectors_stm32f10x.o
 .debug_macro   0x00001865       0x40 ./src/ADC_program.o
 .debug_macro   0x000018a5       0x22 ./src/ADC_program.o
 .debug_macro   0x000018c7       0x46 ./src/ADC_program.o
 .debug_macro   0x0000190d       0x10 ./src/ADC_program.o
 .debug_macro   0x0000191d       0x3a ./src/DIO_program.o
 .debug_macro   0x00001957       0xe2 ./src/DIO_program.o
 .debug_macro   0x00001a39       0x9a ./src/DIO_program.o
 .debug_macro   0x00001ad3       0x54 ./src/LCD_program.o
 .debug_macro   0x00001b27       0x70 ./src/LCD_program.o
 .debug_macro   0x00001b97       0x40 ./src/NVIC_program.o
 .debug_macro   0x00001bd7       0x28 ./src/NVIC_program.o
 .debug_macro   0x00001bff       0x5e ./src/NVIC_program.o
 .debug_macro   0x00001c5d       0x42 ./src/PID_program.o
 .debug_macro   0x00001c9f       0x3f ./src/RCC_program.o
 .debug_macro   0x00001cde       0x2e ./src/RCC_program.o
 .debug_macro   0x00001d0c       0x70 ./src/RCC_program.o
 .debug_macro   0x00001d7c       0x10 ./src/RCC_program.o
 .debug_macro   0x00001d8c       0x40 ./src/STK_program.o
 .debug_macro   0x00001dcc       0x1c ./src/STK_program.o
 .debug_macro   0x00001de8       0x10 ./src/STK_program.o
 .debug_macro   0x00001df8       0x40 ./src/TIMER1_program.o
 .debug_macro   0x00001e38       0x28 ./src/TIMER1_program.o
 .debug_macro   0x00001e60       0x10 ./src/TIMER1_program.o
 .debug_macro   0x00001e70       0x41 ./src/TIMER2_program.o
 .debug_macro   0x00001eb1       0x10 ./src/TIMER2_program.o
 .debug_macro   0x00001ec1       0x8b ./src/main.o
