Archive member included to satisfy reference by file (symbol)

d:/arm/imt_arm_course/02- tools/03- imt sdk/imt_sdk_win_64/winarm/armgcc/bin/../lib/gcc/arm-none-eabi/7.2.1/thumb/v7-m\libgcc.a(_arm_addsubdf3.o)
                              ./src/TIMER1_program.o (__aeabi_dsub)
d:/arm/imt_arm_course/02- tools/03- imt sdk/imt_sdk_win_64/winarm/armgcc/bin/../lib/gcc/arm-none-eabi/7.2.1/thumb/v7-m\libgcc.a(_arm_muldivdf3.o)
                              ./src/TIMER1_program.o (__aeabi_dmul)
d:/arm/imt_arm_course/02- tools/03- imt sdk/imt_sdk_win_64/winarm/armgcc/bin/../lib/gcc/arm-none-eabi/7.2.1/thumb/v7-m\libgcc.a(_arm_fixunsdfsi.o)
                              ./src/TIMER1_program.o (__aeabi_d2uiz)
d:/arm/imt_arm_course/02- tools/03- imt sdk/imt_sdk_win_64/winarm/armgcc/bin/../lib/gcc/arm-none-eabi/7.2.1/thumb/v7-m\libgcc.a(_arm_truncdfsf2.o)
                              ./src/main.o (__aeabi_d2f)
d:/arm/imt_arm_course/02- tools/03- imt sdk/imt_sdk_win_64/winarm/armgcc/bin/../lib/gcc/arm-none-eabi/7.2.1/thumb/v7-m\libgcc.a(_arm_addsubsf3.o)
                              ./src/LCD_program.o (__aeabi_fsub)
d:/arm/imt_arm_course/02- tools/03- imt sdk/imt_sdk_win_64/winarm/armgcc/bin/../lib/gcc/arm-none-eabi/7.2.1/thumb/v7-m\libgcc.a(_arm_muldivsf3.o)
                              ./src/LCD_program.o (__aeabi_fmul)
d:/arm/imt_arm_course/02- tools/03- imt sdk/imt_sdk_win_64/winarm/armgcc/bin/../lib/gcc/arm-none-eabi/7.2.1/thumb/v7-m\libgcc.a(_arm_cmpsf2.o)
                              ./src/LCD_program.o (__aeabi_fcmplt)
d:/arm/imt_arm_course/02- tools/03- imt sdk/imt_sdk_win_64/winarm/armgcc/bin/../lib/gcc/arm-none-eabi/7.2.1/thumb/v7-m\libgcc.a(_arm_fixsfsi.o)
                              ./src/LCD_program.o (__aeabi_f2iz)
d:/arm/imt_arm_course/02- tools/03- imt sdk/imt_sdk_win_64/winarm/armgcc/bin/../lib/gcc/arm-none-eabi/7.2.1/thumb/v7-m\libgcc.a(_arm_fixunssfsi.o)
                              ./src/LCD_program.o (__aeabi_f2uiz)
d:/arm/imt_arm_course/02- tools/03- imt sdk/imt_sdk_win_64/winarm/armgcc/bin/../lib/gcc/arm-none-eabi/7.2.1/../../../../arm-none-eabi/lib/thumb/v7-m\libg_nano.a(lib_a-errno.o)
                              ./system/src/newlib/_sbrk.o (__errno)
d:/arm/imt_arm_course/02- tools/03- imt sdk/imt_sdk_win_64/winarm/armgcc/bin/../lib/gcc/arm-none-eabi/7.2.1/../../../../arm-none-eabi/lib/thumb/v7-m\libg_nano.a(lib_a-impure.o)
                              d:/arm/imt_arm_course/02- tools/03- imt sdk/imt_sdk_win_64/winarm/armgcc/bin/../lib/gcc/arm-none-eabi/7.2.1/../../../../arm-none-eabi/lib/thumb/v7-m\libg_nano.a(lib_a-errno.o) (_impure_ptr)

Allocating common symbols
Common symbol       size              file

errno               0x4               ./system/src/newlib/_syscalls.o
CallBack4           0x4               ./src/TIMER1_program.o
CallBack3           0x4               ./src/TIMER1_program.o
MSTK_CallBack       0x4               ./src/STK_program.o
CallBack5           0x4               ./src/TIMER2_program.o
CallBack            0x4               ./src/ADC_program.o
CallBack2           0x4               ./src/TIMER1_program.o
MSTK_State          0x1               ./src/STK_program.o
CallBack6           0x4               ./src/TIMER1_program.o

Discarded input sections

 .group         0x00000000        0xc ./system/src/stm32f1-stdperiph/misc.o
 .group         0x00000000        0xc ./system/src/stm32f1-stdperiph/misc.o
 .group         0x00000000        0xc ./system/src/stm32f1-stdperiph/misc.o
 .group         0x00000000        0xc ./system/src/stm32f1-stdperiph/misc.o
 .group         0x00000000        0xc ./system/src/stm32f1-stdperiph/misc.o
 .group         0x00000000        0xc ./system/src/stm32f1-stdperiph/misc.o
 .group         0x00000000        0xc ./system/src/stm32f1-stdperiph/misc.o
 .group         0x00000000        0xc ./system/src/stm32f1-stdperiph/misc.o
 .group         0x00000000        0xc ./system/src/stm32f1-stdperiph/misc.o
 .group         0x00000000        0xc ./system/src/stm32f1-stdperiph/misc.o
 .group         0x00000000        0xc ./system/src/stm32f1-stdperiph/misc.o
 .group         0x00000000        0xc ./system/src/stm32f1-stdperiph/misc.o
 .group         0x00000000        0xc ./system/src/stm32f1-stdperiph/misc.o
 .group         0x00000000        0xc ./system/src/stm32f1-stdperiph/misc.o
 .group         0x00000000        0xc ./system/src/stm32f1-stdperiph/misc.o
 .group         0x00000000        0xc ./system/src/stm32f1-stdperiph/misc.o
 .group         0x00000000        0xc ./system/src/stm32f1-stdperiph/misc.o
 .group         0x00000000        0xc ./system/src/stm32f1-stdperiph/misc.o
 .group         0x00000000        0xc ./system/src/stm32f1-stdperiph/misc.o
 .group         0x00000000        0xc ./system/src/stm32f1-stdperiph/misc.o
 .group         0x00000000        0xc ./system/src/stm32f1-stdperiph/misc.o
 .group         0x00000000        0xc ./system/src/stm32f1-stdperiph/misc.o
[...]
Memory Configuration

Name             Origin             Length             Attributes
RAM              0x20000000         0x00005000         xrw
CCMRAM           0x00000000         0x00000000         xrw
FLASH            0x08000000         0x00010000         xr
FLASHB1          0x00000000         0x00000000         xr
EXTMEMB0         0x00000000         0x00000000         xr
EXTMEMB1         0x00000000         0x00000000         xr
EXTMEMB2         0x00000000         0x00000000         xr
EXTMEMB3         0x00000000         0x00000000         xr
MEMORY_ARRAY     0x00000000         0x00000000         xrw
*default*        0x00000000         0xffffffff

Linker script and memory map

LOAD ./system/src/stm32f1-stdperiph/misc.o
LOAD ./system/src/stm32f1-stdperiph/stm32f10x_gpio.o
LOAD ./system/src/stm32f1-stdperiph/stm32f10x_rcc.o
LOAD ./system/src/newlib/_cxx.o
LOAD ./system/src/newlib/_exit.o
LOAD ./system/src/newlib/_sbrk.o
LOAD ./system/src/newlib/_startup.o
LOAD ./system/src/newlib/_syscalls.o
LOAD ./system/src/newlib/assert.o
LOAD ./system/src/diag/Trace.o
LOAD ./system/src/diag/trace_impl.o
LOAD ./system/src/cortexm/_initialize_hardware.o
LOAD ./system/src/cortexm/_reset_hardware.o
LOAD ./system/src/cortexm/exception_handlers.o
LOAD ./system/src/cmsis/system_stm32f10x.o
LOAD ./system/src/cmsis/vectors_stm32f10x.o
LOAD ./src/ADC_program.o
LOAD ./src/DIO_program.o
LOAD ./src/LCD_program.o
LOAD ./src/NVIC_program.o
LOAD ./src/RCC_program.o
LOAD ./src/STK_program.o
LOAD ./src/TIMER1_program.o
LOAD ./src/TIMER2_program.o
LOAD ./src/main.o
LOAD d:/arm/imt_arm_course/02- tools/03- imt sdk/imt_sdk_win_64/winarm/armgcc/bin/../lib/gcc/arm-none-eabi/7.2.1/../../../../arm-none-eabi/lib/thumb/v7-m\libstdc++_nano.a
LOAD d:/arm/imt_arm_course/02- tools/03- imt sdk/imt_sdk_win_64/winarm/armgcc/bin/../lib/gcc/arm-none-eabi/7.2.1/../../../../arm-none-eabi/lib/thumb/v7-m\libm.a
START GROUP
LOAD d:/arm/imt_arm_course/02- tools/03- imt sdk/imt_sdk_win_64/winarm/armgcc/bin/../lib/gcc/arm-none-eabi/7.2.1/thumb/v7-m\libgcc.a
LOAD d:/arm/imt_arm_course/02- tools/03- imt sdk/imt_sdk_win_64/winarm/armgcc/bin/../lib/gcc/arm-none-eabi/7.2.1/../../../../arm-none-eabi/lib/thumb/v7-m\libg_nano.a
LOAD d:/arm/imt_arm_course/02- tools/03- imt sdk/imt_sdk_win_64/winarm/armgcc/bin/../lib/gcc/arm-none-eabi/7.2.1/../../../../arm-none-eabi/lib/thumb/v7-m\libc_nano.a
END GROUP
START GROUP
LOAD d:/arm/imt_arm_course/02- tools/03- imt sdk/imt_sdk_win_64/winarm/armgcc/bin/../lib/gcc/arm-none-eabi/7.2.1/thumb/v7-m\libgcc.a
LOAD d:/arm/imt_arm_course/02- tools/03- imt sdk/imt_sdk_win_64/winarm/armgcc/bin/../lib/gcc/arm-none-eabi/7.2.1/../../../../arm-none-eabi/lib/thumb/v7-m\libc_nano.a
END GROUP
                0x20005000                __stack = (ORIGIN (RAM) + LENGTH (RAM))
                0x20005000                _estack = __stack
                0x00000400                __Main_Stack_Size = 0x400
                [!provide]                PROVIDE (_Main_Stack_Size, __Main_Stack_Size)
                0x20004c00                __Main_Stack_Limit = (__stack - __Main_Stack_Size)
                [!provide]                PROVIDE (_Main_Stack_Limit, __Main_Stack_Limit)
                0x00000100                _Minimum_Stack_Size = 0x100
                0x20000058                PROVIDE (_Heap_Begin, _end_noinit)
                0x20004c00                PROVIDE (_Heap_Limit, (__stack - __Main_Stack_Size))

.isr_vector     0x08000000      0x294
 FILL mask 0xff
                0x08000000                __vectors_start = ABSOLUTE (.)
                0x08000000                __vectors_start__ = ABSOLUTE (.)
 *(.isr_vector)
 .isr_vector    0x08000000      0x10c ./system/src/cmsis/vectors_stm32f10x.o
                0x08000000                __isr_vectors
 *(.cfmconfig)
 *(.after_vectors .after_vectors.*)
 .after_vectors
                0x0800010c      0x114 ./system/src/newlib/_startup.o
                0x0800010c                _start
 .after_vectors
                0x08000220       0x70 ./system/src/cortexm/exception_handlers.o
                0x08000220                Reset_Handler
                0x08000226                NMI_Handler
                0x0800022a                HardFault_Handler
                0x0800023e                HardFault_Handler_C
                0x08000242                MemManage_Handler
                0x08000246                BusFault_Handler
                0x0800025a                BusFault_Handler_C
                0x0800025e                UsageFault_Handler
                0x08000272                UsageFault_Handler_C
                0x08000276                SVC_Handler
                0x0800027a                DebugMon_Handler
                0x0800027e                PendSV_Handler
 .after_vectors
                0x08000290        0x4 ./system/src/cmsis/vectors_stm32f10x.o
                0x08000290                EXTI2_IRQHandler
                0x08000290                TIM8_TRG_COM_IRQHandler
                0x08000290                TIM8_CC_IRQHandler
                0x08000290                TIM6_IRQHandler
                0x08000290                PVD_IRQHandler
                0x08000290                SDIO_IRQHandler
                0x08000290                CAN2_RX1_IRQHandler
                0x08000290                EXTI3_IRQHandler
                0x08000290                TIM8_TRG_COM_TIM14_IRQHandler
                0x08000290                TIM1_UP_TIM10_IRQHandler
                0x08000290                TIM8_UP_TIM13_IRQHandler
                0x08000290                EXTI0_IRQHandler
                0x08000290                I2C2_EV_IRQHandler
                0x08000290                CAN1_RX0_IRQHandler
                0x08000290                TIM1_UP_TIM16_IRQHandler
                0x08000290                CAN2_SCE_IRQHandler
                0x08000290                SPI1_IRQHandler
                0x08000290                TAMPER_IRQHandler
                0x08000290                TIM6_DAC_IRQHandler
                0x08000290                TIM1_BRK_TIM9_IRQHandler
                0x08000290                CAN2_RX0_IRQHandler
                0x08000290                TIM8_UP_IRQHandler
                0x08000290                DMA2_Channel2_IRQHandler
                0x08000290                DMA1_Channel4_IRQHandler
                0x08000290                USART3_IRQHandler
                0x08000290                RTC_IRQHandler
                0x08000290                DMA1_Channel7_IRQHandler
                0x08000290                CAN1_RX1_IRQHandler
                0x08000290                UART5_IRQHandler
                0x08000290                ADC3_IRQHandler
                0x08000290                TIM4_IRQHandler
                0x08000290                DMA2_Channel1_IRQHandler
                0x08000290                I2C1_EV_IRQHandler
                0x08000290                DMA1_Channel6_IRQHandler
                0x08000290                UART4_IRQHandler
                0x08000290                DMA2_Channel4_IRQHandler
                0x08000290                TIM3_IRQHandler
                0x08000290                RCC_IRQHandler
                0x08000290                TIM8_BRK_TIM12_IRQHandler
                0x08000290                DMA1_Channel1_IRQHandler
                0x08000290                Default_Handler
                0x08000290                CEC_IRQHandler
                0x08000290                EXTI15_10_IRQHandler
                0x08000290                TIM14_IRQHandler
                0x08000290                TIM13_IRQHandler
                0x08000290                TIM12_IRQHandler
                0x08000290                TIM7_IRQHandler
                0x08000290                CAN2_TX_IRQHandler
                0x08000290                TIM5_IRQHandler
                0x08000290                EXTI9_5_IRQHandler
                0x08000290                ETH_WKUP_IRQHandler
                0x08000290                SPI2_IRQHandler
                0x08000290                CAN1_TX_IRQHandler
                0x08000290                DMA2_Channel5_IRQHandler
                0x08000290                DMA1_Channel5_IRQHandler
                0x08000290                EXTI4_IRQHandler
                0x08000290                USB_LP_CAN1_RX0_IRQHandler
                0x08000290                TIM1_TRG_COM_TIM17_IRQHandler
                0x08000290                USB_HP_CAN1_TX_IRQHandler
                0x08000290                DMA1_Channel3_IRQHandler
                0x08000290                FSMC_IRQHandler
                0x08000290                ETH_IRQHandler
                0x08000290                WWDG_IRQHandler
                0x08000290                OTG_FS_WKUP_IRQHandler
                0x08000290                TIM1_TRG_COM_TIM11_IRQHandler
                0x08000290                TIM1_BRK_IRQHandler
                0x08000290                EXTI1_IRQHandler
                0x08000290                RTCAlarm_IRQHandler
                0x08000290                DMA2_Channel4_5_IRQHandler
                0x08000290                USART2_IRQHandler
                0x08000290                I2C2_ER_IRQHandler
                0x08000290                DMA1_Channel2_IRQHandler
                0x08000290                TIM8_BRK_IRQHandler
                0x08000290                CAN1_SCE_IRQHandler
                0x08000290                FLASH_IRQHandler
                0x08000290                USART1_IRQHandler
                0x08000290                OTG_FS_IRQHandler
                0x08000290                SPI3_IRQHandler
                0x08000290                I2C1_ER_IRQHandler
                0x08000290                USBWakeUp_IRQHandler
                0x08000290                DMA2_Channel3_IRQHandler
                0x08000290                TIM1_BRK_TIM15_IRQHandler

.inits          0x08000294       0x28
                0x08000294                __data_regions_array_start = .
                0x08000294        0x4 LONG 0x8001a1c LOADADDR (.data)
                0x08000298        0x4 LONG 0x20000000 ADDR (.data)
                0x0800029c        0x4 LONG 0x20000028 (ADDR (.data) + SIZEOF (.data))
                0x080002a0        0x4 LONG 0x8001a1c LOADADDR (.data_CCMRAM)
                0x080002a4        0x4 LONG 0x0 ADDR (.data_CCMRAM)
                0x080002a8        0x4 LONG 0x0 (ADDR (.data_CCMRAM) + SIZEOF (.data_CCMRAM))
                0x080002ac                __data_regions_array_end = .
                0x080002ac                __bss_regions_array_start = .
                0x080002ac        0x4 LONG 0x20000028 ADDR (.bss)
                0x080002b0        0x4 LONG 0x20000058 (ADDR (.bss) + SIZEOF (.bss))
                0x080002b4        0x4 LONG 0x0 ADDR (.bss_CCMRAM)
                0x080002b8        0x4 LONG 0x0 (ADDR (.bss_CCMRAM) + SIZEOF (.bss_CCMRAM))
                0x080002bc                __bss_regions_array_end = .
 *(.init)
 *(.fini)
                0x080002bc                . = ALIGN (0x4)
                0x080002bc                PROVIDE (__preinit_array_start, .)
 *(.preinit_array_sysinit .preinit_array_sysinit.*)
 *(.preinit_array_platform .preinit_array_platform.*)
 *(.preinit_array .preinit_array.*)
                0x080002bc                PROVIDE (__preinit_array_end, .)
                0x080002bc                . = ALIGN (0x4)
                0x080002bc                PROVIDE (__init_array_start, .)
 *(SORT_BY_NAME(.init_array.*))
 *(.init_array)
                0x080002bc                PROVIDE (__init_array_end, .)
                0x080002bc                . = ALIGN (0x4)
                0x080002bc                PROVIDE (__fini_array_start, .)
 *(SORT_BY_NAME(.fini_array.*))
 *(.fini_array)
                0x080002bc                PROVIDE (__fini_array_end, .)

.flashtext
 *(.flashtext .flashtext.*)

.text           0x080002c0     0x175c
 *(.text .text.*)
 .text._exit    0x080002c0        0x2 ./system/src/newlib/_exit.o
                0x080002c0                _exit
 *fill*         0x080002c2        0x2 
 .text.__initialize_args
                0x080002c4       0x10 ./system/src/newlib/_syscalls.o
                0x080002c4                __initialize_args
 .text.__initialize_hardware_early
                0x080002d4       0x18 ./system/src/cortexm/_initialize_hardware.o
                0x080002d4                __initialize_hardware_early
 .text.__initialize_hardware
                0x080002ec        0x8 ./system/src/cortexm/_initialize_hardware.o
                0x080002ec                __initialize_hardware
 .text.SetSysClockTo72
                0x080002f4       0xc4 ./system/src/cmsis/system_stm32f10x.o
 .text.SetSysClock
                0x080003b8        0x8 ./system/src/cmsis/system_stm32f10x.o
 .text.SystemInit
                0x080003c0       0x50 ./system/src/cmsis/system_stm32f10x.o
                0x080003c0                SystemInit
 .text.SystemCoreClockUpdate
                0x08000410       0x94 ./system/src/cmsis/system_stm32f10x.o
                0x08000410                SystemCoreClockUpdate
 .text.MADC1_voidInit
                0x080004a4       0x90 ./src/ADC_program.o
                0x080004a4                MADC1_voidInit
 .text.MADC1_voidEnableInterrupt
                0x08000534       0x18 ./src/ADC_program.o
                0x08000534                MADC1_voidEnableInterrupt
 .text.MADC1_voidStartConversion
                0x0800054c       0x20 ./src/ADC_program.o
                0x0800054c                MADC1_voidStartConversion
 .text.ADC1_2_IRQHandler
                0x0800056c       0x18 ./src/ADC_program.o
                0x0800056c                ADC1_2_IRQHandler
 .text.DIO_voidSetPinDirection
                0x08000584       0xdc ./src/DIO_program.o
                0x08000584                DIO_voidSetPinDirection
 .text.DIO_voidSetPinValue
                0x08000660       0x98 ./src/DIO_program.o
                0x08000660                DIO_voidSetPinValue
 .text.DIO_u8GetPinValue
                0x080006f8       0x44 ./src/DIO_program.o
                0x080006f8                DIO_u8GetPinValue
 .text.LCD_EnablePulse
                0x0800073c       0x20 ./src/LCD_program.o
                0x0800073c                LCD_EnablePulse
 .text.LCD_voidSetPinsDirection
                0x0800075c       0x40 ./src/LCD_program.o
                0x0800075c                LCD_voidSetPinsDirection
 .text.LCD_voidSendCmd
                0x0800079c       0x76 ./src/LCD_program.o
                0x0800079c                LCD_voidSendCmd
 .text.LCD_voidSendChar
                0x08000812       0x80 ./src/LCD_program.o
                0x08000812                LCD_voidSendChar
 .text.LCD_voidInitialize
                0x08000892       0x4a ./src/LCD_program.o
                0x08000892                LCD_voidInitialize
 .text.LCD_voidClearScreen
                0x080008dc       0x12 ./src/LCD_program.o
                0x080008dc                LCD_voidClearScreen
 .text.LCD_voidSendString
                0x080008ee       0x14 ./src/LCD_program.o
                0x080008ee                LCD_voidSendString
 *fill*         0x08000902        0x2 
 .text.LCD_voidSendDNumber
                0x08000904       0x74 ./src/LCD_program.o
                0x08000904                LCD_voidSendDNumber
 .text.NVIC_voidEnableInterrupt
                0x08000978       0x2c ./src/NVIC_program.o
                0x08000978                NVIC_voidEnableInterrupt
 .text.NVIC_voidSetPriority
                0x080009a4       0x30 ./src/NVIC_program.o
                0x080009a4                NVIC_voidSetPriority
 .text.RCC_voidEnableClock
                0x080009d4       0x4c ./src/RCC_program.o
                0x080009d4                RCC_voidEnableClock
 .text.RCC_voidInitSysClock
                0x08000a20       0x14 ./src/RCC_program.o
                0x08000a20                RCC_voidInitSysClock
 .text.MSTK_voidInit
                0x08000a34        0xc ./src/STK_program.o
                0x08000a34                MSTK_voidInit
 .text.MSTK_voidSetBusyWait
                0x08000a40       0x28 ./src/STK_program.o
                0x08000a40                MSTK_voidSetBusyWait
 .text.SysTick_Handler
                0x08000a68       0x30 ./src/STK_program.o
                0x08000a68                SysTick_Handler
 .text.MTIMER1_voidGeneratePWM1
                0x08000a98       0x44 ./src/TIMER1_program.o
                0x08000a98                MTIMER1_voidGeneratePWM1
 .text.MTIMER1_voidGeneratePWM3
                0x08000adc       0x44 ./src/TIMER1_program.o
                0x08000adc                MTIMER1_voidGeneratePWM3
 .text.MTIMER1_voidGeneratePWM5
                0x08000b20       0x44 ./src/TIMER1_program.o
                0x08000b20                MTIMER1_voidGeneratePWM5
 .text.MTIMER1_voidConfigurePWM
                0x08000b64       0xd4 ./src/TIMER1_program.o
                0x08000b64                MTIMER1_voidConfigurePWM
 .text.TIM1_UP_IRQHandler
                0x08000c38       0x1c ./src/TIMER1_program.o
                0x08000c38                TIM1_UP_IRQHandler
 .text.TIM1_CC_IRQHandler
                0x08000c54       0x2c ./src/TIMER1_program.o
                0x08000c54                TIM1_CC_IRQHandler
 .text.TIM1_TRG_COM_IRQHandler
                0x08000c80       0x1c ./src/TIMER1_program.o
                0x08000c80                TIM1_TRG_COM_IRQHandler
 .text.MTIMER2_voidMeasureHallSensorsAsynch
                0x08000c9c       0xa8 ./src/TIMER2_program.o
                0x08000c9c                MTIMER2_voidMeasureHallSensorsAsynch
 .text.TIM2_IRQHandler
                0x08000d44       0x2c ./src/TIMER2_program.o
                0x08000d44                TIM2_IRQHandler
 .text.Task1    0x08000d70      0x240 ./src/main.o
                0x08000d70                Task1
 .text.TASK2    0x08000fb0       0x50 ./src/main.o
                0x08000fb0                TASK2
 .text.main     0x08001000      0x14c ./src/main.o
                0x08001000                main
 .text          0x0800114c      0x378 d:/arm/imt_arm_course/02- tools/03- imt sdk/imt_sdk_win_64/winarm/armgcc/bin/../lib/gcc/arm-none-eabi/7.2.1/thumb/v7-m\libgcc.a(_arm_addsubdf3.o)
                0x0800114c                __aeabi_drsub
                0x08001154                __aeabi_dsub
                0x08001154                __subdf3
                0x08001158                __aeabi_dadd
                0x08001158                __adddf3
                0x080013d0                __floatunsidf
                0x080013d0                __aeabi_ui2d
                0x080013f0                __floatsidf
                0x080013f0                __aeabi_i2d
                0x08001414                __aeabi_f2d
                0x08001414                __extendsfdf2
                0x08001458                __floatundidf
                0x08001458                __aeabi_ul2d
                0x08001468                __floatdidf
                0x08001468                __aeabi_l2d
 .text          0x080014c4      0x424 d:/arm/imt_arm_course/02- tools/03- imt sdk/imt_sdk_win_64/winarm/armgcc/bin/../lib/gcc/arm-none-eabi/7.2.1/thumb/v7-m\libgcc.a(_arm_muldivdf3.o)
                0x080014c4                __aeabi_dmul
                0x080014c4                __muldf3
                0x08001718                __divdf3
                0x08001718                __aeabi_ddiv
 .text          0x080018e8       0x40 d:/arm/imt_arm_course/02- tools/03- imt sdk/imt_sdk_win_64/winarm/armgcc/bin/../lib/gcc/arm-none-eabi/7.2.1/thumb/v7-m\libgcc.a(_arm_fixunsdfsi.o)
                0x080018e8                __aeabi_d2uiz
                0x080018e8                __fixunsdfsi
 .text          0x08001928       0xa0 d:/arm/imt_arm_course/02- tools/03- imt sdk/imt_sdk_win_64/winarm/armgcc/bin/../lib/gcc/arm-none-eabi/7.2.1/thumb/v7-m\libgcc.a(_arm_truncdfsf2.o)
                0x08001928                __truncdfsf2
                0x08001928                __aeabi_d2f
 .text          0x080019c8       0x4c d:/arm/imt_arm_course/02- tools/03- imt sdk/imt_sdk_win_64/winarm/armgcc/bin/../lib/gcc/arm-none-eabi/7.2.1/thumb/v7-m\libgcc.a(_arm_fixsfsi.o)
                0x080019c8                __aeabi_f2iz
                0x080019c8                __fixsfsi
 *(.rodata .rodata.* .constdata .constdata.*)
 .rodata.main.str1.4
                0x08001a14        0x8 ./src/main.o
 *(vtable)
 *(.eh_frame*)
 *(.glue_7)
 .glue_7        0x08001a1c        0x0 linker stubs
 *(.glue_7t)
 .glue_7t       0x08001a1c        0x0 linker stubs

.vfp11_veneer   0x08001a1c        0x0
 .vfp11_veneer  0x08001a1c        0x0 linker stubs

.v4_bx          0x08001a1c        0x0
 .v4_bx         0x08001a1c        0x0 linker stubs

.iplt           0x08001a1c        0x0
 .iplt          0x08001a1c        0x0 ./system/src/newlib/_exit.o

.rel.dyn        0x08001a1c        0x0
 .rel.iplt      0x08001a1c        0x0 ./system/src/newlib/_exit.o

.ARM.extab
 *(.ARM.extab* .gnu.linkonce.armextab.*)
                0x08001a1c                . = ALIGN (0x4)
                0x08001a1c                __exidx_start = .

.ARM.exidx
 *(.ARM.exidx* .gnu.linkonce.armexidx.*)
                0x08001a1c                __exidx_end = .
                0x08001a1c                . = ALIGN (0x4)
                0x08001a1c                _etext = .
                0x08001a1c                __etext = .

.data_CCMRAM    0x00000000        0x0 load address 0x08001a1c
 FILL mask 0xff
 *(.data.CCMRAM .data.CCMRAM.*)
                0x00000000                . = ALIGN (0x4)
                0x08001a1c                _sidata = LOADADDR (.data)

.data           0x20000000       0x28 load address 0x08001a1c
 FILL mask 0xff
                0x20000000                _sdata = .
                0x20000000                __data_start__ = .
 *(.data_begin .data_begin.*)
 .data_begin    0x20000000        0x4 ./system/src/newlib/_startup.o
 *(.data .data.*)
 .data.argv.4310
                0x20000004        0x8 ./system/src/newlib/_syscalls.o
 .data.AHBPrescTable
                0x2000000c       0x10 ./system/src/cmsis/system_stm32f10x.o
                0x2000000c                AHBPrescTable
 .data.SystemCoreClock
                0x2000001c        0x4 ./system/src/cmsis/system_stm32f10x.o
                0x2000001c                SystemCoreClock
 .data.duty     0x20000020        0x1 ./src/main.o
                0x20000020                duty
 *(.data_end .data_end.*)
 *fill*         0x20000021        0x3 ff
 .data_end      0x20000024        0x4 ./system/src/newlib/_startup.o
                0x20000028                . = ALIGN (0x4)
                0x20000028                _edata = .
                0x20000028                __data_end__ = .

.igot.plt       0x20000028        0x0 load address 0x08001a44
 .igot.plt      0x20000028        0x0 ./system/src/newlib/_exit.o

.bss_CCMRAM     0x00000000        0x0
 *(.bss.CCMRAM .bss.CCMRAM.*)

.bss            0x20000028       0x30
                0x20000028                __bss_start__ = .
                0x20000028                _sbss = .
 *(.bss_begin .bss_begin.*)
 .bss_begin     0x20000028        0x4 ./system/src/newlib/_startup.o
 *(.bss .bss.*)
 .bss.name.4309
                0x2000002c        0x1 ./system/src/newlib/_syscalls.o
 .bss.H1        0x2000002d        0x1 ./src/main.o
                0x2000002d                H1
 .bss.H2        0x2000002e        0x1 ./src/main.o
                0x2000002e                H2
 .bss.H3        0x2000002f        0x1 ./src/main.o
                0x2000002f                H3
 .bss.speed     0x20000030        0x4 ./src/main.o
                0x20000030                speed
 *(COMMON)
 COMMON         0x20000034        0x4 ./src/ADC_program.o
                0x20000034                CallBack
 COMMON         0x20000038        0x5 ./src/STK_program.o
                0x20000038                MSTK_CallBack
                0x2000003c                MSTK_State
 *fill*         0x2000003d        0x3 
 COMMON         0x20000040       0x10 ./src/TIMER1_program.o
                0x20000040                CallBack4
                0x20000044                CallBack3
                0x20000048                CallBack2
                0x2000004c                CallBack6
 COMMON         0x20000050        0x4 ./src/TIMER2_program.o
                0x20000050                CallBack5
 *(.bss_end .bss_end.*)
 .bss_end       0x20000054        0x4 ./system/src/newlib/_startup.o
                0x20000058                . = ALIGN (0x4)
                0x20000058                __bss_end__ = .
                0x20000058                _ebss = .

.noinit_CCMRAM
 *(.noinit.CCMRAM .noinit.CCMRAM.*)

.noinit         0x20000058        0x0
                0x20000058                _noinit = .
 *(.noinit .noinit.*)
                0x20000058                . = ALIGN (0x4)
                0x20000058                _end_noinit = .
                [!provide]                PROVIDE (end, _end_noinit)
                [!provide]                PROVIDE (_end, _end_noinit)
                [!provide]                PROVIDE (__end, _end_noinit)
                [!provide]                PROVIDE (__end__, _end_noinit)

._check_stack   0x20000058      0x100
                0x20000158                . = (. + _Minimum_Stack_Size)
 *fill*         0x20000058      0x100 

.b1text
 *(.b1text)
 *(.b1rodata)
 *(.b1rodata.*)

.eb0text
 *(.eb0text)
 *(.eb0rodata)
 *(.eb0rodata.*)

.eb1text
 *(.eb1text)
 *(.eb1rodata)
 *(.eb1rodata.*)

.eb2text
 *(.eb2text)
 *(.eb2rodata)
 *(.eb2rodata.*)

.eb3text
 *(.eb3text)
 *(.eb3rodata)
 *(.eb3rodata.*)

.stab
 *(.stab)

.stabstr
 *(.stabstr)

.stab.excl
 *(.stab.excl)

.stab.exclstr
 *(.stab.exclstr)

.stab.index
 *(.stab.index)

.stab.indexstr
 *(.stab.indexstr)

.comment        0x00000000       0x7e
 *(.comment)
 .comment       0x00000000       0x7e ./system/src/newlib/_exit.o
                                 0x7f (size before relaxing)
 .comment       0x0000007e       0x7f ./system/src/newlib/_startup.o
 .comment       0x0000007e       0x7f ./system/src/newlib/_syscalls.o
 .comment       0x0000007e       0x7f ./system/src/cortexm/_initialize_hardware.o
 .comment       0x0000007e       0x7f ./system/src/cortexm/exception_handlers.o
 .comment       0x0000007e       0x7f ./system/src/cmsis/system_stm32f10x.o
 .comment       0x0000007e       0x7f ./system/src/cmsis/vectors_stm32f10x.o
 .comment       0x0000007e       0x7f ./src/ADC_program.o
 .comment       0x0000007e       0x7f ./src/DIO_program.o
 .comment       0x0000007e       0x7f ./src/LCD_program.o
 .comment       0x0000007e       0x7f ./src/NVIC_program.o
 .comment       0x0000007e       0x7f ./src/RCC_program.o
 .comment       0x0000007e       0x7f ./src/STK_program.o
 .comment       0x0000007e       0x7f ./src/TIMER1_program.o
 .comment       0x0000007e       0x7f ./src/TIMER2_program.o
 .comment       0x0000007e       0x7f ./src/main.o

.ARM.attributes
                0x00000000       0x33
 .ARM.attributes
                0x00000000       0x33 ./system/src/newlib/_exit.o
 .ARM.attributes
                0x00000033       0x33 ./system/src/newlib/_startup.o
 .ARM.attributes
                0x00000066       0x33 ./system/src/newlib/_syscalls.o
 .ARM.attributes
                0x00000099       0x33 ./system/src/cortexm/_initialize_hardware.o
 .ARM.attributes
                0x000000cc       0x33 ./system/src/cortexm/exception_handlers.o
 .ARM.attributes
                0x000000ff       0x33 ./system/src/cmsis/system_stm32f10x.o
 .ARM.attributes
                0x00000132       0x33 ./system/src/cmsis/vectors_stm32f10x.o
 .ARM.attributes
                0x00000165       0x33 ./src/ADC_program.o
 .ARM.attributes
                0x00000198       0x33 ./src/DIO_program.o
 .ARM.attributes
                0x000001cb       0x33 ./src/LCD_program.o
 .ARM.attributes
                0x000001fe       0x33 ./src/NVIC_program.o
 .ARM.attributes
                0x00000231       0x33 ./src/RCC_program.o
 .ARM.attributes
                0x00000264       0x33 ./src/STK_program.o
 .ARM.attributes
                0x00000297       0x33 ./src/TIMER1_program.o
 .ARM.attributes
                0x000002ca       0x33 ./src/TIMER2_program.o
 .ARM.attributes
                0x000002fd       0x33 ./src/main.o
 .ARM.attributes
                0x00000330       0x1d d:/arm/imt_arm_course/02- tools/03- imt sdk/imt_sdk_win_64/winarm/armgcc/bin/../lib/gcc/arm-none-eabi/7.2.1/thumb/v7-m\libgcc.a(_arm_addsubdf3.o)
 .ARM.attributes
                0x0000034d       0x1d d:/arm/imt_arm_course/02- tools/03- imt sdk/imt_sdk_win_64/winarm/armgcc/bin/../lib/gcc/arm-none-eabi/7.2.1/thumb/v7-m\libgcc.a(_arm_muldivdf3.o)
 .ARM.attributes
                0x0000036a       0x1d d:/arm/imt_arm_course/02- tools/03- imt sdk/imt_sdk_win_64/winarm/armgcc/bin/../lib/gcc/arm-none-eabi/7.2.1/thumb/v7-m\libgcc.a(_arm_fixunsdfsi.o)
 .ARM.attributes
                0x00000387       0x1d d:/arm/imt_arm_course/02- tools/03- imt sdk/imt_sdk_win_64/winarm/armgcc/bin/../lib/gcc/arm-none-eabi/7.2.1/thumb/v7-m\libgcc.a(_arm_truncdfsf2.o)
 .ARM.attributes
                0x000003a4       0x1d d:/arm/imt_arm_course/02- tools/03- imt sdk/imt_sdk_win_64/winarm/armgcc/bin/../lib/gcc/arm-none-eabi/7.2.1/thumb/v7-m\libgcc.a(_arm_fixsfsi.o)

.debug
 *(.debug)

.line
 *(.line)

.debug_srcinfo
 *(.debug_srcinfo)

.debug_sfnames
 *(.debug_sfnames)

.debug_aranges  0x00000000      0x470
 *(.debug_aranges)
 .debug_aranges
                0x00000000       0x28 ./system/src/newlib/_exit.o
 .debug_aranges
                0x00000028       0x40 ./system/src/newlib/_startup.o
 .debug_aranges
                0x00000068       0x30 ./system/src/newlib/_syscalls.o
 .debug_aranges
                0x00000098       0x28 ./system/src/cortexm/_initialize_hardware.o
 .debug_aranges
                0x000000c0       0x80 ./system/src/cortexm/exception_handlers.o
 .debug_aranges
                0x00000140       0x38 ./system/src/cmsis/system_stm32f10x.o
 .debug_aranges
                0x00000178       0x20 ./system/src/cmsis/vectors_stm32f10x.o
 .debug_aranges
                0x00000198       0x38 ./src/ADC_program.o
 .debug_aranges
                0x000001d0       0x38 ./src/DIO_program.o
 .debug_aranges
                0x00000208       0x78 ./src/LCD_program.o
 .debug_aranges
                0x00000280       0x48 ./src/NVIC_program.o
 .debug_aranges
                0x000002c8       0x30 ./src/RCC_program.o
 .debug_aranges
                0x000002f8       0x58 ./src/STK_program.o
 .debug_aranges
                0x00000350       0x98 ./src/TIMER1_program.o
 .debug_aranges
                0x000003e8       0x58 ./src/TIMER2_program.o
 .debug_aranges
                0x00000440       0x30 ./src/main.o

.debug_pubnames
 *(.debug_pubnames)

.debug_info     0x00000000     0x4c9e
 *(.debug_info .gnu.linkonce.wi.*)
 .debug_info    0x00000000      0x94a ./system/src/newlib/_exit.o
 .debug_info    0x0000094a      0x42e ./system/src/newlib/_startup.o
 .debug_info    0x00000d78      0xa19 ./system/src/newlib/_syscalls.o
 .debug_info    0x00001791      0x2b5 ./system/src/cortexm/_initialize_hardware.o
 .debug_info    0x00001a46      0xae8 ./system/src/cortexm/exception_handlers.o
 .debug_info    0x0000252e      0x494 ./system/src/cmsis/system_stm32f10x.o
 .debug_info    0x000029c2       0xca ./system/src/cmsis/vectors_stm32f10x.o
 .debug_info    0x00002a8c      0x225 ./src/ADC_program.o
 .debug_info    0x00002cb1      0x172 ./src/DIO_program.o
 .debug_info    0x00002e23      0x85c ./src/LCD_program.o
 .debug_info    0x0000367f      0x18b ./src/NVIC_program.o
 .debug_info    0x0000380a       0xe8 ./src/RCC_program.o
 .debug_info    0x000038f2      0x1f8 ./src/STK_program.o
 .debug_info    0x00003aea      0x4af ./src/TIMER1_program.o
 .debug_info    0x00003f99      0x35f ./src/TIMER2_program.o
 .debug_info    0x000042f8      0x9a6 ./src/main.o

.debug_abbrev   0x00000000     0x1411
 *(.debug_abbrev)
 .debug_abbrev  0x00000000      0x1f5 ./system/src/newlib/_exit.o
 .debug_abbrev  0x000001f5      0x1b3 ./system/src/newlib/_startup.o
 .debug_abbrev  0x000003a8      0x234 ./system/src/newlib/_syscalls.o
 .debug_abbrev  0x000005dc       0xea ./system/src/cortexm/_initialize_hardware.o
 .debug_abbrev  0x000006c6      0x23a ./system/src/cortexm/exception_handlers.o
 .debug_abbrev  0x00000900      0x177 ./system/src/cmsis/system_stm32f10x.o
 .debug_abbrev  0x00000a77       0x9d ./system/src/cmsis/vectors_stm32f10x.o
 .debug_abbrev  0x00000b14      0x100 ./src/ADC_program.o
 .debug_abbrev  0x00000c14       0xb1 ./src/DIO_program.o
 .debug_abbrev  0x00000cc5      0x135 ./src/LCD_program.o
 .debug_abbrev  0x00000dfa       0xaa ./src/NVIC_program.o
 .debug_abbrev  0x00000ea4       0x97 ./src/RCC_program.o
 .debug_abbrev  0x00000f3b      0x140 ./src/STK_program.o
 .debug_abbrev  0x0000107b      0x191 ./src/TIMER1_program.o
 .debug_abbrev  0x0000120c      0x116 ./src/TIMER2_program.o
 .debug_abbrev  0x00001322       0xef ./src/main.o

.debug_line     0x00000000     0x28eb
 *(.debug_line)
 .debug_line    0x00000000      0x39a ./system/src/newlib/_exit.o
 .debug_line    0x0000039a      0x409 ./system/src/newlib/_startup.o
 .debug_line    0x000007a3      0x478 ./system/src/newlib/_syscalls.o
 .debug_line    0x00000c1b      0x387 ./system/src/cortexm/_initialize_hardware.o
 .debug_line    0x00000fa2      0x6df ./system/src/cortexm/exception_handlers.o
 .debug_line    0x00001681      0x3fa ./system/src/cmsis/system_stm32f10x.o
 .debug_line    0x00001a7b      0x113 ./system/src/cmsis/vectors_stm32f10x.o
 .debug_line    0x00001b8e       0xe9 ./src/ADC_program.o
 .debug_line    0x00001c77      0x114 ./src/DIO_program.o
 .debug_line    0x00001d8b      0x237 ./src/LCD_program.o
 .debug_line    0x00001fc2      0x118 ./src/NVIC_program.o
 .debug_line    0x000020da       0xd3 ./src/RCC_program.o
 .debug_line    0x000021ad      0x131 ./src/STK_program.o
 .debug_line    0x000022de      0x28e ./src/TIMER1_program.o
 .debug_line    0x0000256c      0x17e ./src/TIMER2_program.o
 .debug_line    0x000026ea      0x201 ./src/main.o

.debug_frame    0x00000000      0x9f0
 *(.debug_frame)
 .debug_frame   0x00000000       0x38 ./system/src/newlib/_exit.o
 .debug_frame   0x00000038       0x7c ./system/src/newlib/_startup.o
 .debug_frame   0x000000b4       0x50 ./system/src/newlib/_syscalls.o
 .debug_frame   0x00000104       0x40 ./system/src/cortexm/_initialize_hardware.o
 .debug_frame   0x00000144       0xe8 ./system/src/cortexm/exception_handlers.o
 .debug_frame   0x0000022c       0x6c ./system/src/cmsis/system_stm32f10x.o
 .debug_frame   0x00000298       0x20 ./system/src/cmsis/vectors_stm32f10x.o
 .debug_frame   0x000002b8       0x58 ./src/ADC_program.o
 .debug_frame   0x00000310       0x5c ./src/DIO_program.o
 .debug_frame   0x0000036c      0x140 ./src/LCD_program.o
 .debug_frame   0x000004ac       0x7c ./src/NVIC_program.o
 .debug_frame   0x00000528       0x40 ./src/RCC_program.o
 .debug_frame   0x00000568       0x98 ./src/STK_program.o
 .debug_frame   0x00000600      0x18c ./src/TIMER1_program.o
 .debug_frame   0x0000078c       0xa4 ./src/TIMER2_program.o
 .debug_frame   0x00000830       0x58 ./src/main.o
 .debug_frame   0x00000888       0xac d:/arm/imt_arm_course/02- tools/03- imt sdk/imt_sdk_win_64/winarm/armgcc/bin/../lib/gcc/arm-none-eabi/7.2.1/thumb/v7-m\libgcc.a(_arm_addsubdf3.o)
 .debug_frame   0x00000934       0x50 d:/arm/imt_arm_course/02- tools/03- imt sdk/imt_sdk_win_64/winarm/armgcc/bin/../lib/gcc/arm-none-eabi/7.2.1/thumb/v7-m\libgcc.a(_arm_muldivdf3.o)
 .debug_frame   0x00000984       0x24 d:/arm/imt_arm_course/02- tools/03- imt sdk/imt_sdk_win_64/winarm/armgcc/bin/../lib/gcc/arm-none-eabi/7.2.1/thumb/v7-m\libgcc.a(_arm_fixunsdfsi.o)
 .debug_frame   0x000009a8       0x24 d:/arm/imt_arm_course/02- tools/03- imt sdk/imt_sdk_win_64/winarm/armgcc/bin/../lib/gcc/arm-none-eabi/7.2.1/thumb/v7-m\libgcc.a(_arm_truncdfsf2.o)
 .debug_frame   0x000009cc       0x24 d:/arm/imt_arm_course/02- tools/03- imt sdk/imt_sdk_win_64/winarm/armgcc/bin/../lib/gcc/arm-none-eabi/7.2.1/thumb/v7-m\libgcc.a(_arm_fixsfsi.o)

.debug_str      0x00000000    0x5698a
 *(.debug_str)
 .debug_str     0x00000000     0x7d05 ./system/src/newlib/_exit.o
                               0x7ec9 (size before relaxing)
 .debug_str     0x00007d05      0xbbd ./system/src/newlib/_startup.o
                               0x69b6 (size before relaxing)
 .debug_str     0x000088c2     0x1311 ./system/src/newlib/_syscalls.o
                               0x8156 (size before relaxing)
 .debug_str     0x00009bd3    0x4b01b ./system/src/cortexm/_initialize_hardware.o
                              0x4e818 (size before relaxing)
 .debug_str     0x00054bee      0x1db ./system/src/cortexm/exception_handlers.o
                              0x5392d (size before relaxing)
 .debug_str     0x00054dc9      0x11d ./system/src/cmsis/system_stm32f10x.o
                              0x4e8b2 (size before relaxing)
 .debug_str     0x00054ee6       0x57 ./system/src/cmsis/vectors_stm32f10x.o
                               0x3857 (size before relaxing)
 .debug_str     0x00054f3d      0x20d ./src/ADC_program.o
                               0x2f72 (size before relaxing)
 .debug_str     0x0005514a      0x71a ./src/DIO_program.o
                               0x351f (size before relaxing)
 .debug_str     0x00055864      0x33c ./src/LCD_program.o
                               0x3397 (size before relaxing)
 .debug_str     0x00055ba0      0x488 ./src/NVIC_program.o
                               0x328d (size before relaxing)
 .debug_str     0x00056028      0x27a ./src/RCC_program.o
                               0x307f (size before relaxing)
 .debug_str     0x000562a2      0x191 ./src/STK_program.o
                               0x2fcc (size before relaxing)
 .debug_str     0x00056433      0x37f ./src/TIMER1_program.o
                               0x318d (size before relaxing)
 .debug_str     0x000567b2      0x17e ./src/TIMER2_program.o
                               0x3048 (size before relaxing)
 .debug_str     0x00056930       0x5a ./src/main.o
                               0x346a (size before relaxing)

.debug_loc      0x00000000      0xfed
 *(.debug_loc)
 .debug_loc     0x00000000      0x1a9 ./system/src/newlib/_startup.o
 .debug_loc     0x000001a9       0x63 ./system/src/newlib/_syscalls.o
 .debug_loc     0x0000020c       0xdf ./system/src/cmsis/system_stm32f10x.o
 .debug_loc     0x000002eb       0x21 ./src/ADC_program.o
 .debug_loc     0x0000030c      0x352 ./src/DIO_program.o
 .debug_loc     0x0000065e      0x3bc ./src/LCD_program.o
 .debug_loc     0x00000a1a      0x161 ./src/NVIC_program.o
 .debug_loc     0x00000b7b       0xa6 ./src/RCC_program.o
 .debug_loc     0x00000c21       0x80 ./src/STK_program.o
 .debug_loc     0x00000ca1      0x23f ./src/TIMER1_program.o
 .debug_loc     0x00000ee0       0xc3 ./src/TIMER2_program.o
 .debug_loc     0x00000fa3       0x4a ./src/main.o

.debug_macinfo
 *(.debug_macinfo)

.debug_weaknames
 *(.debug_weaknames)

.debug_funcnames
 *(.debug_funcnames)

.debug_typenames
 *(.debug_typenames)

.debug_varnames
 *(.debug_varnames)
OUTPUT(simple_six_steps_hall_sensors_speed_measurement.elf elf32-littlearm)

.debug_ranges   0x00000000      0x3e8
 .debug_ranges  0x00000000       0x18 ./system/src/newlib/_exit.o
 .debug_ranges  0x00000018       0x78 ./system/src/newlib/_startup.o
 .debug_ranges  0x00000090       0x20 ./system/src/newlib/_syscalls.o
 .debug_ranges  0x000000b0       0x18 ./system/src/cortexm/_initialize_hardware.o
 .debug_ranges  0x000000c8       0x70 ./system/src/cortexm/exception_handlers.o
 .debug_ranges  0x00000138       0x28 ./system/src/cmsis/system_stm32f10x.o
 .debug_ranges  0x00000160       0x10 ./system/src/cmsis/vectors_stm32f10x.o
 .debug_ranges  0x00000170       0x28 ./src/ADC_program.o
 .debug_ranges  0x00000198       0x40 ./src/DIO_program.o
 .debug_ranges  0x000001d8       0x80 ./src/LCD_program.o
 .debug_ranges  0x00000258       0x38 ./src/NVIC_program.o
 .debug_ranges  0x00000290       0x20 ./src/RCC_program.o
 .debug_ranges  0x000002b0       0x48 ./src/STK_program.o
 .debug_ranges  0x000002f8       0x88 ./src/TIMER1_program.o
 .debug_ranges  0x00000380       0x48 ./src/TIMER2_program.o
 .debug_ranges  0x000003c8       0x20 ./src/main.o

.debug_macro    0x00000000     0x1f00
 .debug_macro   0x00000000      0x1b4 ./system/src/newlib/_exit.o
 .debug_macro   0x000001b4       0x9c ./system/src/newlib/_exit.o
 .debug_macro   0x00000250      0x10e ./system/src/newlib/_exit.o
 .debug_macro   0x0000035e       0x8d ./system/src/newlib/_exit.o
 .debug_macro   0x000003eb       0x43 ./system/src/newlib/_exit.o
 .debug_macro   0x0000042e      0x330 ./system/src/newlib/_exit.o
 .debug_macro   0x0000075e       0x35 ./system/src/newlib/_exit.o
 .debug_macro   0x00000793      0x173 ./system/src/newlib/_startup.o
 .debug_macro   0x00000906      0x217 ./system/src/newlib/_syscalls.o
 .debug_macro   0x00000b1d       0x1c ./system/src/newlib/_syscalls.o
 .debug_macro   0x00000b39       0x10 ./system/src/newlib/_syscalls.o
 .debug_macro   0x00000b49       0x10 ./system/src/newlib/_syscalls.o
 .debug_macro   0x00000b59       0x10 ./system/src/newlib/_syscalls.o
 .debug_macro   0x00000b69       0x35 ./system/src/newlib/_syscalls.o
 .debug_macro   0x00000b9e      0x122 ./system/src/newlib/_syscalls.o
 .debug_macro   0x00000cc0       0x88 ./system/src/newlib/_syscalls.o
 .debug_macro   0x00000d48       0x2b ./system/src/newlib/_syscalls.o
 .debug_macro   0x00000d73      0x118 ./system/src/newlib/_syscalls.o
 .debug_macro   0x00000e8b      0x189 ./system/src/newlib/_syscalls.o
 .debug_macro   0x00001014       0x16 ./system/src/newlib/_syscalls.o
 .debug_macro   0x0000102a      0x16b ./system/src/cortexm/_initialize_hardware.o
 .debug_macro   0x00001195      0x324 ./system/src/cortexm/exception_handlers.o
 .debug_macro   0x000014b9       0x3b ./system/src/cortexm/exception_handlers.o
 .debug_macro   0x000014f4       0x22 ./system/src/cortexm/exception_handlers.o
 .debug_macro   0x00001516       0x10 ./system/src/cortexm/exception_handlers.o
 .debug_macro   0x00001526       0xcf ./system/src/cortexm/exception_handlers.o
 .debug_macro   0x000015f5       0xbe ./system/src/cortexm/exception_handlers.o
 .debug_macro   0x000016b3       0x10 ./system/src/cortexm/exception_handlers.o
 .debug_macro   0x000016c3      0x16e ./system/src/cmsis/system_stm32f10x.o
 .debug_macro   0x00001831       0x34 ./system/src/cmsis/vectors_stm32f10x.o
 .debug_macro   0x00001865       0x40 ./src/ADC_program.o
 .debug_macro   0x000018a5       0x22 ./src/ADC_program.o
 .debug_macro   0x000018c7       0x46 ./src/ADC_program.o
 .debug_macro   0x0000190d       0x10 ./src/ADC_program.o
 .debug_macro   0x0000191d       0x3a ./src/DIO_program.o
 .debug_macro   0x00001957       0xe2 ./src/DIO_program.o
 .debug_macro   0x00001a39       0x9a ./src/DIO_program.o
 .debug_macro   0x00001ad3       0x54 ./src/LCD_program.o
 .debug_macro   0x00001b27       0x70 ./src/LCD_program.o
 .debug_macro   0x00001b97       0x40 ./src/NVIC_program.o
 .debug_macro   0x00001bd7       0x28 ./src/NVIC_program.o
 .debug_macro   0x00001bff       0x5e ./src/NVIC_program.o
 .debug_macro   0x00001c5d       0x3f ./src/RCC_program.o
 .debug_macro   0x00001c9c       0x2e ./src/RCC_program.o
 .debug_macro   0x00001cca       0x70 ./src/RCC_program.o
 .debug_macro   0x00001d3a       0x10 ./src/RCC_program.o
 .debug_macro   0x00001d4a       0x40 ./src/STK_program.o
 .debug_macro   0x00001d8a       0x1c ./src/STK_program.o
 .debug_macro   0x00001da6       0x10 ./src/STK_program.o
 .debug_macro   0x00001db6       0x40 ./src/TIMER1_program.o
 .debug_macro   0x00001df6       0x28 ./src/TIMER1_program.o
 .debug_macro   0x00001e1e       0x10 ./src/TIMER1_program.o
 .debug_macro   0x00001e2e       0x41 ./src/TIMER2_program.o
 .debug_macro   0x00001e6f       0x10 ./src/TIMER2_program.o
 .debug_macro   0x00001e7f       0x81 ./src/main.o
